<html>
<body>
<pre>
<h1>µVision Build Log</h1>
<h2>Project:</h2>
C:\Users\mario\OneDrive\Desktop\DX-Ball-Tiva-C-main\Game\SpaceInvaders.uvproj
Project File Date:  12/22/2024

<h2>Output:</h2>
Rebuild target 'SpaceInvaders'
assembling startup.s...
compiling Nokia5110.c...
assembling random.s...
compiling SpaceInvaders.c...
SpaceInvaders.c(157): warning:  #177-D: variable "humidity" was declared but never referenced
        uint8_t temp=0,  humidity=0;
SpaceInvaders.c: 1 warning, 0 errors
compiling TExaS.c...
compiling PORTF.c...
compiling TIMER2.c...
compiling shapes.c...
compiling screen_draw.c...
compiling checkMoving.c...
compiling ADC.c...
compiling Potentiometer.c...
compiling pwm.c...
compiling dht11.c...
compiling temp.c...
compiling UART.c...
compiling port.c...
port.c(5): warning:  #550-D: variable "delay" was set but never used
        uint32_t delay;
port.c(214): warning:  #1-D: last line of file ends without a newline
        
port.c: 2 warnings, 0 errors
linking...
Program Size: Code=11744 RO-data=2172 RW-data=116 ZI-data=2356  
".\SpaceInvaders.axf" - 0 Error(s), 3 Warning(s).
Load "C:\\Users\\mario\\OneDrive\\Desktop\\DX-Ball-Tiva-C-main\\Game\\SpaceInvaders.axf" 
Connecting: Mode=JTAG, Speed=1000000Hz
Connection failed!, error code=&d
Error: Flash Download failed  -  Target DLL has been cancelled
</pre>
</body>
</html>
