ARM Linker, 5.03 [Build 76] [MDK-ARM Lite]

==============================================================================

Section Cross References

    startup.o(STACK) refers (Special) to heapauxi.o(.text) for __use_two_region_memory
    startup.o(HEAP) refers (Special) to heapauxi.o(.text) for __use_two_region_memory
    startup.o(RESET) refers (Special) to heapauxi.o(.text) for __use_two_region_memory
    startup.o(RESET) refers to startup.o(STACK) for StackMem
    startup.o(RESET) refers to timer2.o(i.Timer2A_Handler) for Timer2A_Handler
    startup.o(RESET) refers to portf.o(i.GPIOPortF_Handler) for GPIOPortF_Handler
    startup.o(RESET) refers to texas.o(i.Timer4A_Handler) for Timer4A_Handler
    startup.o(RESET) refers to texas.o(i.Timer5A_Handler) for Timer5A_Handler
    startup.o(RESET) refers to __main.o(!!!main) for __main
    startup.o(.text) refers (Special) to heapauxi.o(.text) for __use_two_region_memory
    startup.o(.text) refers to startup.o(HEAP) for HeapMem
    startup.o(.text) refers to startup.o(STACK) for StackMem
    nokia5110.o(i.Nokia5110_Clear) refers to nokia5110.o(i.lcdwrite) for lcdwrite
    nokia5110.o(i.Nokia5110_Clear) refers to nokia5110.o(i.Nokia5110_SetCursor) for Nokia5110_SetCursor
    nokia5110.o(i.Nokia5110_ClearBuffer) refers to nokia5110.o(.bss) for Screen
    nokia5110.o(i.Nokia5110_DisplayBuffer) refers to nokia5110.o(i.Nokia5110_DrawFullImage) for Nokia5110_DrawFullImage
    nokia5110.o(i.Nokia5110_DisplayBuffer) refers to nokia5110.o(.bss) for Screen
    nokia5110.o(i.Nokia5110_DrawFullImage) refers to nokia5110.o(i.Nokia5110_SetCursor) for Nokia5110_SetCursor
    nokia5110.o(i.Nokia5110_DrawFullImage) refers to nokia5110.o(i.lcdwrite) for lcdwrite
    nokia5110.o(i.Nokia5110_Init) refers to nokia5110.o(i.lcdwrite) for lcdwrite
    nokia5110.o(i.Nokia5110_OutChar) refers to nokia5110.o(i.lcdwrite) for lcdwrite
    nokia5110.o(i.Nokia5110_OutChar) refers to nokia5110.o(.constdata) for ASCII
    nokia5110.o(i.Nokia5110_OutString) refers to nokia5110.o(i.Nokia5110_OutChar) for Nokia5110_OutChar
    nokia5110.o(i.Nokia5110_OutUDec) refers to nokia5110.o(i.Nokia5110_OutString) for Nokia5110_OutString
    nokia5110.o(i.Nokia5110_OutUDec) refers to nokia5110.o(i.Nokia5110_OutChar) for Nokia5110_OutChar
    nokia5110.o(i.Nokia5110_PrintBMP) refers to nokia5110.o(.bss) for Screen
    nokia5110.o(i.Nokia5110_SetCursor) refers to nokia5110.o(i.lcdwrite) for lcdwrite
    random.o(.text) refers to random.o(DATA) for M
    spaceinvaders.o(i.led_smart_home) refers to nokia5110.o(i.Nokia5110_Clear) for Nokia5110_Clear
    spaceinvaders.o(i.led_smart_home) refers to port.o(i.Port_Init) for Port_Init
    spaceinvaders.o(i.led_smart_home) refers to pwm.o(i.pwm_init) for pwm_init
    spaceinvaders.o(i.led_smart_home) refers to temp.o(i.ADC0_Init1) for ADC0_Init1
    spaceinvaders.o(i.led_smart_home) refers to startup.o(.text) for DisableInterrupts
    spaceinvaders.o(i.led_smart_home) refers to potentiometer.o(i.Pot_Read) for Pot_Read
    spaceinvaders.o(i.led_smart_home) refers to dflt_clz.o(x$fpl$dfltu) for __aeabi_ui2d
    spaceinvaders.o(i.led_smart_home) refers to ddiv.o(x$fpl$ddiv) for __aeabi_ddiv
    spaceinvaders.o(i.led_smart_home) refers to dmul.o(x$fpl$dmul) for __aeabi_dmul
    spaceinvaders.o(i.led_smart_home) refers to dfixu.o(x$fpl$dfixu) for __aeabi_d2uiz
    spaceinvaders.o(i.led_smart_home) refers to temp.o(i.Tempsensor_read) for Tempsensor_read
    spaceinvaders.o(i.led_smart_home) refers to nokia5110.o(i.Nokia5110_OutString) for Nokia5110_OutString
    spaceinvaders.o(i.led_smart_home) refers to nokia5110.o(i.Nokia5110_SetCursor) for Nokia5110_SetCursor
    spaceinvaders.o(i.led_smart_home) refers to nokia5110.o(i.Nokia5110_OutUDec) for Nokia5110_OutUDec
    spaceinvaders.o(i.led_smart_home) refers to pwm.o(i.pwm_setDutycycle) for pwm_setDutycycle
    spaceinvaders.o(i.led_smart_home) refers to spaceinvaders.o(.data) for pot_read
    spaceinvaders.o(i.main) refers to texas.o(i.TExaS_Init) for TExaS_Init
    spaceinvaders.o(i.main) refers to uart.o(i.UART_Init) for UART_Init
    spaceinvaders.o(i.main) refers to nokia5110.o(i.Nokia5110_Init) for Nokia5110_Init
    spaceinvaders.o(i.main) refers to portf.o(i.PORTF_Init) for PORTF_Init
    spaceinvaders.o(i.main) refers to timer2.o(i.Timer2_Init) for Timer2_Init
    spaceinvaders.o(i.main) refers to potentiometer.o(i.Pot_Init) for Pot_Init
    spaceinvaders.o(i.main) refers to screen_draw.o(i.display) for display
    spaceinvaders.o(i.main) refers to checkmoving.o(i.play) for play
    spaceinvaders.o(i.main) refers to nokia5110.o(i.Nokia5110_SetCursor) for Nokia5110_SetCursor
    spaceinvaders.o(i.main) refers to nokia5110.o(i.Nokia5110_OutString) for Nokia5110_OutString
    spaceinvaders.o(i.main) refers to uart.o(i.UART_InChar) for UART_InChar
    spaceinvaders.o(i.main) refers to nokia5110.o(i.Nokia5110_Clear) for Nokia5110_Clear
[...]
    texas.o(i.SetCourse) refers to texas.o(.bss) for TExaS
    texas.o(i.SetMode) refers to texas.o(.bss) for TExaS
    texas.o(i.StartTimer4) refers to texas.o(.data) for ScopeCount
    texas.o(i.TExaS_Init) refers to texas.o(i.PLL_Init) for PLL_Init
    texas.o(i.TExaS_Init) refers to texas.o(i.SetCourse) for SetCourse
    texas.o(i.TExaS_Init) refers to texas.o(i.UART0_Init) for UART0_Init
    texas.o(i.TExaS_Init) refers to texas.o(i.SetCode) for SetCode
    texas.o(i.TExaS_Init) refers to texas.o(i.ADC1_Init) for ADC1_Init
    texas.o(i.TExaS_Init) refers to texas.o(.constdata) for IntroMsg
    texas.o(i.TExaS_Init) refers to texas.o(.bss) for TExaS
    texas.o(i.TExaS_Init) refers to texas.o(.data) for LastMode
    texas.o(i.Timer5A_Handler) refers to texas.o(i.ADC1_In) for ADC1_In
    texas.o(i.Timer5A_Handler) refers to texas.o(.data) for TExaS_Period
    portf.o(i.GPIOPortF_Handler) refers to nokia5110.o(i.Nokia5110_PrintBMP) for Nokia5110_PrintBMP
    portf.o(i.GPIOPortF_Handler) refers to spaceinvaders.o(.data) for sw1flag
    portf.o(i.GPIOPortF_Handler) refers to shapes.o(.constdata) for space
    portf.o(i.PORTF_Init) refers to startup.o(.text) for EnableInterrupts
    timer2.o(i.Timer2A_Handler) refers to spaceinvaders.o(.data) for Semaphore
    timer2.o(i.Timer2_Init) refers to spaceinvaders.o(.data) for Semaphore
    screen_draw.o(i.EndGame) refers to nokia5110.o(i.Nokia5110_Clear) for Nokia5110_Clear
    screen_draw.o(i.EndGame) refers to nokia5110.o(i.Nokia5110_SetCursor) for Nokia5110_SetCursor
    screen_draw.o(i.EndGame) refers to nokia5110.o(i.Nokia5110_OutString) for Nokia5110_OutString
    screen_draw.o(i.EndGame) refers to nokia5110.o(i.Nokia5110_OutUDec) for Nokia5110_OutUDec
    screen_draw.o(i.EndGame) refers to spaceinvaders.o(.data) for score
    screen_draw.o(i.WinGame) refers to nokia5110.o(i.Nokia5110_Clear) for Nokia5110_Clear
    screen_draw.o(i.WinGame) refers to nokia5110.o(i.Nokia5110_SetCursor) for Nokia5110_SetCursor
    screen_draw.o(i.WinGame) refers to nokia5110.o(i.Nokia5110_OutString) for Nokia5110_OutString
    screen_draw.o(i.display) refers to nokia5110.o(i.Nokia5110_Clear) for Nokia5110_Clear
    screen_draw.o(i.display) refers to nokia5110.o(i.Nokia5110_ClearBuffer) for Nokia5110_ClearBuffer
    screen_draw.o(i.display) refers to nokia5110.o(i.Nokia5110_DisplayBuffer) for Nokia5110_DisplayBuffer
    screen_draw.o(i.display) refers to screen_draw.o(i.startingScreen) for startingScreen
    screen_draw.o(i.display) refers to nokia5110.o(i.Nokia5110_PrintBMP) for Nokia5110_PrintBMP
    screen_draw.o(i.display) refers to screen_draw.o(i.draw) for draw
    screen_draw.o(i.display) refers to shapes.o(.constdata) for PlayerShip0
    screen_draw.o(i.display) refers to spaceinvaders.o(.data) for ballYcord
    screen_draw.o(i.draw) refers to nokia5110.o(i.Nokia5110_PrintBMP) for Nokia5110_PrintBMP
    screen_draw.o(i.draw) refers to shapes.o(.constdata) for food
    screen_draw.o(i.draw) refers to spaceinvaders.o(.bss) for foodArr
    screen_draw.o(i.startingScreen) refers to nokia5110.o(i.Nokia5110_SetCursor) for Nokia5110_SetCursor
    screen_draw.o(i.startingScreen) refers to nokia5110.o(i.Nokia5110_ClearBuffer) for Nokia5110_ClearBuffer
    screen_draw.o(i.startingScreen) refers to nokia5110.o(i.Nokia5110_PrintBMP) for Nokia5110_PrintBMP
    screen_draw.o(i.startingScreen) refers to nokia5110.o(i.Nokia5110_DisplayBuffer) for Nokia5110_DisplayBuffer
    screen_draw.o(i.startingScreen) refers to nokia5110.o(i.Nokia5110_OutString) for Nokia5110_OutString
    screen_draw.o(i.startingScreen) refers to startup.o(.text) for WaitForInterrupt
    screen_draw.o(i.startingScreen) refers to nokia5110.o(i.Nokia5110_Clear) for Nokia5110_Clear
    screen_draw.o(i.startingScreen) refers to shapes.o(.constdata) for logo
    screen_draw.o(i.startingScreen) refers to spaceinvaders.o(.data) for timerflag
    checkmoving.o(i.play) refers to nokia5110.o(i.Nokia5110_PrintBMP) for Nokia5110_PrintBMP
    checkmoving.o(i.play) refers to spaceinvaders.o(.data) for ballYcord
    checkmoving.o(i.play) refers to shapes.o(.constdata) for space
    checkmoving.o(i.play) refers to spaceinvaders.o(.bss) for foodArr
    checkmoving.o(i.play) refers to nokia5110.o(i.Nokia5110_Clear) for Nokia5110_Clear
    checkmoving.o(i.play) refers to nokia5110.o(i.Nokia5110_SetCursor) for Nokia5110_SetCursor
    checkmoving.o(i.play) refers to nokia5110.o(i.Nokia5110_OutString) for Nokia5110_OutString
    checkmoving.o(i.play) refers to nokia5110.o(i.Nokia5110_OutUDec) for Nokia5110_OutUDec
    checkmoving.o(i.play) refers to spaceinvaders.o(i.Delay100ms) for Delay100ms
    checkmoving.o(i.play) refers to screen_draw.o(i.WinGame) for WinGame
    checkmoving.o(i.play) refers to screen_draw.o(i.display) for display
    checkmoving.o(i.play) refers to screen_draw.o(i.EndGame) for EndGame
    checkmoving.o(i.play) refers to nokia5110.o(i.Nokia5110_DisplayBuffer) for Nokia5110_DisplayBuffer
    potentiometer.o(i.Pot_Init) refers to adc.o(i.ADC0_Init) for ADC0_Init
    potentiometer.o(i.Pot_Init) refers to adc.o(i.ADC0_SS2_Init) for ADC0_SS2_Init
    potentiometer.o(i.Pot_Read) refers to adc.o(i.ADC0_SS2_Read) for ADC0_SS2_Read
    pwm.o(i.pwm_setDutycycle) refers to dflt_clz.o(x$fpl$dfltu) for __aeabi_ui2d
    pwm.o(i.pwm_setDutycycle) refers to ddiv.o(x$fpl$ddiv) for __aeabi_ddiv
    pwm.o(i.pwm_setDutycycle) refers to daddsub_clz.o(x$fpl$drsb) for __aeabi_drsub
    pwm.o(i.pwm_setDutycycle) refers to dmul.o(x$fpl$dmul) for __aeabi_dmul
    pwm.o(i.pwm_setDutycycle) refers to daddsub_clz.o(x$fpl$dsub) for __aeabi_dsub
    pwm.o(i.pwm_setDutycycle) refers to dfixu.o(x$fpl$dfixu) for __aeabi_d2uiz
    dht11.o(i.readDHT11) refers to dht11.o(i.Delay_mms) for Delay_mms
    temp.o(i.Tempsensor_read) refers to dflt_clz.o(x$fpl$dfltu) for __aeabi_ui2d
    temp.o(i.Tempsensor_read) refers to dmul.o(x$fpl$dmul) for __aeabi_dmul
    temp.o(i.Tempsensor_read) refers to ddiv.o(x$fpl$ddiv) for __aeabi_ddiv
    temp.o(i.Tempsensor_read) refers to daddsub_clz.o(x$fpl$drsb) for __aeabi_drsub
    temp.o(i.Tempsensor_read) refers to dfix.o(x$fpl$dfix) for __aeabi_d2iz
    uart.o(i.UART_InUDec) refers to uart.o(i.UART_InChar) for UART_InChar
    uart.o(i.UART_InUDec) refers to uart.o(i.UART_OutChar) for UART_OutChar
    uart.o(i.UART_OutDistance) refers to uart.o(i.UART_ConvertDistance) for UART_ConvertDistance
    uart.o(i.UART_OutDistance) refers to uart.o(i.UART_OutString) for UART_OutString
    uart.o(i.UART_OutDistance) refers to uart.o(.bss) for String
    uart.o(i.UART_OutString) refers to uart.o(i.UART_OutChar) for UART_OutChar
    uart.o(i.UART_OutUDec) refers to uart.o(i.UART_ConvertUDec) for UART_ConvertUDec
    uart.o(i.UART_OutUDec) refers to uart.o(i.UART_OutString) for UART_OutString
    uart.o(i.UART_OutUDec) refers to uart.o(.bss) for String
    __main.o(!!!main) refers to rtentry.o(.ARM.Collect$$rtentry$$00000000) for __rt_entry
    daddsub_clz.o(x$fpl$dadd) refers (Special) to usenofp.o(x$fpl$usenofp) for __I$use$fp
    daddsub_clz.o(x$fpl$dadd) refers to daddsub_clz.o(x$fpl$dsub) for _dsub1
    daddsub_clz.o(x$fpl$dadd) refers to dretinf.o(x$fpl$dretinf) for __fpl_dretinf
    daddsub_clz.o(x$fpl$dadd) refers to dnaninf.o(x$fpl$dnaninf) for __fpl_dnaninf
    daddsub_clz.o(x$fpl$drsb) refers (Special) to usenofp.o(x$fpl$usenofp) for __I$use$fp
    daddsub_clz.o(x$fpl$drsb) refers to daddsub_clz.o(x$fpl$dadd) for _dadd1
    daddsub_clz.o(x$fpl$drsb) refers to daddsub_clz.o(x$fpl$dsub) for _dsub1
    daddsub_clz.o(x$fpl$dsub) refers (Special) to usenofp.o(x$fpl$usenofp) for __I$use$fp
    daddsub_clz.o(x$fpl$dsub) refers to daddsub_clz.o(x$fpl$dadd) for _dadd1
    daddsub_clz.o(x$fpl$dsub) refers to dnaninf.o(x$fpl$dnaninf) for __fpl_dnaninf
    ddiv.o(x$fpl$drdiv) refers (Special) to usenofp.o(x$fpl$usenofp) for __I$use$fp
    ddiv.o(x$fpl$drdiv) refers to ddiv.o(x$fpl$ddiv) for ddiv_entry
    ddiv.o(x$fpl$ddiv) refers (Special) to usenofp.o(x$fpl$usenofp) for __I$use$fp
    ddiv.o(x$fpl$ddiv) refers to dretinf.o(x$fpl$dretinf) for __fpl_dretinf
    ddiv.o(x$fpl$ddiv) refers to dnaninf.o(x$fpl$dnaninf) for __fpl_dnaninf
    dfix.o(x$fpl$dfix) refers (Special) to usenofp.o(x$fpl$usenofp) for __I$use$fp
    dfix.o(x$fpl$dfix) refers to dnaninf.o(x$fpl$dnaninf) for __fpl_dnaninf
    dfix.o(x$fpl$dfixr) refers (Special) to usenofp.o(x$fpl$usenofp) for __I$use$fp
    dfix.o(x$fpl$dfixr) refers to dnaninf.o(x$fpl$dnaninf) for __fpl_dnaninf
    dfixu.o(x$fpl$dfixu) refers (Special) to usenofp.o(x$fpl$usenofp) for __I$use$fp
    dfixu.o(x$fpl$dfixu) refers to dnaninf.o(x$fpl$dnaninf) for __fpl_dnaninf
    dfixu.o(x$fpl$dfixur) refers (Special) to usenofp.o(x$fpl$usenofp) for __I$use$fp
    dfixu.o(x$fpl$dfixur) refers to dnaninf.o(x$fpl$dnaninf) for __fpl_dnaninf
    dflt_clz.o(x$fpl$dfltu) refers (Special) to usenofp.o(x$fpl$usenofp) for __I$use$fp
    dflt_clz.o(x$fpl$dflt) refers (Special) to usenofp.o(x$fpl$usenofp) for __I$use$fp
    dflt_clz.o(x$fpl$dfltn) refers (Special) to usenofp.o(x$fpl$usenofp) for __I$use$fp
    dmul.o(x$fpl$dmul) refers (Special) to usenofp.o(x$fpl$usenofp) for __I$use$fp
    dmul.o(x$fpl$dmul) refers to dretinf.o(x$fpl$dretinf) for __fpl_dretinf
    dmul.o(x$fpl$dmul) refers to dnaninf.o(x$fpl$dnaninf) for __fpl_dnaninf
    rtentry.o(.ARM.Collect$$rtentry$$00000000) refers (Special) to rtentry2.o(.ARM.Collect$$rtentry$$0000000A) for __rt_entry_li
    rtentry.o(.ARM.Collect$$rtentry$$00000000) refers (Special) to rtentry2.o(.ARM.Collect$$rtentry$$0000000D) for __rt_entry_main
    rtentry.o(.ARM.Collect$$rtentry$$00000000) refers (Special) to rtentry2.o(.ARM.Collect$$rtentry$$0000000C) for __rt_entry_postli_1
    rtentry.o(.ARM.Collect$$rtentry$$00000000) refers (Special) to rtentry2.o(.ARM.Collect$$rtentry$$00000009) for __rt_entry_postsh_1
    rtentry.o(.ARM.Collect$$rtentry$$00000000) refers (Special) to rtentry2.o(.ARM.Collect$$rtentry$$00000002) for __rt_entry_presh_1
    rtentry.o(.ARM.Collect$$rtentry$$00000000) refers (Special) to rtentry4.o(.ARM.Collect$$rtentry$$00000004) for __rt_entry_sh
    dnaninf.o(x$fpl$dnaninf) refers (Special) to usenofp.o(x$fpl$usenofp) for __I$use$fp
    dretinf.o(x$fpl$dretinf) refers (Special) to usenofp.o(x$fpl$usenofp) for __I$use$fp
    rtentry2.o(.ARM.Collect$$rtentry$$00000008) refers to boardinit2.o(.text) for _platform_post_stackheap_init
    rtentry2.o(.ARM.Collect$$rtentry$$0000000A) refers to libinit.o(.ARM.Collect$$libinit$$00000000) for __rt_lib_init
    rtentry2.o(.ARM.Collect$$rtentry$$0000000B) refers to boardinit3.o(.text) for _platform_post_lib_init
    rtentry2.o(.ARM.Collect$$rtentry$$0000000D) refers to spaceinvaders.o(i.main) for main
    rtentry2.o(.ARM.Collect$$rtentry$$0000000D) refers to exit.o(.text) for exit
    rtentry2.o(.ARM.exidx) refers to rtentry2.o(.ARM.Collect$$rtentry$$00000001) for .ARM.Collect$$rtentry$$00000001
    rtentry2.o(.ARM.exidx) refers to rtentry2.o(.ARM.Collect$$rtentry$$00000008) for .ARM.Collect$$rtentry$$00000008
    rtentry2.o(.ARM.exidx) refers to rtentry2.o(.ARM.Collect$$rtentry$$0000000A) for .ARM.Collect$$rtentry$$0000000A
    rtentry2.o(.ARM.exidx) refers to rtentry2.o(.ARM.Collect$$rtentry$$0000000B) for .ARM.Collect$$rtentry$$0000000B
    rtentry2.o(.ARM.exidx) refers to rtentry2.o(.ARM.Collect$$rtentry$$0000000D) for .ARM.Collect$$rtentry$$0000000D
    rtentry4.o(.ARM.Collect$$rtentry$$00000004) refers to sys_stackheap_outer.o(.text) for __user_setup_stackheap
    rtentry4.o(.ARM.exidx) refers to rtentry4.o(.ARM.Collect$$rtentry$$00000004) for .ARM.Collect$$rtentry$$00000004
    sys_stackheap_outer.o(.text) refers to libspace.o(.text) for __user_perproc_libspace
    sys_stackheap_outer.o(.text) refers to startup.o(.text) for __user_initial_stackheap
    exit.o(.text) refers to rtexit.o(.ARM.Collect$$rtexit$$00000000) for __rt_exit
    libinit.o(.ARM.Collect$$libinit$$00000000) refers (Special) to libinit2.o(.ARM.Collect$$libinit$$0000002C) for __rt_lib_init_alloca_1
    libinit.o(.ARM.Collect$$libinit$$00000000) refers (Special) to libinit2.o(.ARM.Collect$$libinit$$0000002A) for __rt_lib_init_argv_1
    libinit.o(.ARM.Collect$$libinit$$00000000) refers (Special) to libinit2.o(.ARM.Collect$$libinit$$00000019) for __rt_lib_init_atexit_1
    libinit.o(.ARM.Collect$$libinit$$00000000) refers (Special) to libinit2.o(.ARM.Collect$$libinit$$0000001F) for __rt_lib_init_clock_1
    libinit.o(.ARM.Collect$$libinit$$00000000) refers (Special) to libinit2.o(.ARM.Collect$$libinit$$00000030) for __rt_lib_init_cpp_1
    libinit.o(.ARM.Collect$$libinit$$00000000) refers (Special) to libinit2.o(.ARM.Collect$$libinit$$0000002E) for __rt_lib_init_exceptions_1
    libinit.o(.ARM.Collect$$libinit$$00000000) refers (Special) to libinit2.o(.ARM.Collect$$libinit$$00000002) for __rt_lib_init_fp_1
    libinit.o(.ARM.Collect$$libinit$$00000000) refers (Special) to libinit2.o(.ARM.Collect$$libinit$$0000001D) for __rt_lib_init_fp_trap_1
    libinit.o(.ARM.Collect$$libinit$$00000000) refers (Special) to libinit2.o(.ARM.Collect$$libinit$$00000021) for __rt_lib_init_getenv_1
    libinit.o(.ARM.Collect$$libinit$$00000000) refers (Special) to libinit2.o(.ARM.Collect$$libinit$$00000008) for __rt_lib_init_heap_1
    libinit.o(.ARM.Collect$$libinit$$00000000) refers (Special) to libinit2.o(.ARM.Collect$$libinit$$0000000F) for __rt_lib_init_lc_collate_1
    libinit.o(.ARM.Collect$$libinit$$00000000) refers (Special) to libinit2.o(.ARM.Collect$$libinit$$00000011) for __rt_lib_init_lc_ctype_1
    libinit.o(.ARM.Collect$$libinit$$00000000) refers (Special) to libinit2.o(.ARM.Collect$$libinit$$00000013) for __rt_lib_init_lc_monetary_1
    libinit.o(.ARM.Collect$$libinit$$00000000) refers (Special) to libinit2.o(.ARM.Collect$$libinit$$00000015) for __rt_lib_init_lc_numeric_1
    libinit.o(.ARM.Collect$$libinit$$00000000) refers (Special) to libinit2.o(.ARM.Collect$$libinit$$00000017) for __rt_lib_init_lc_time_1
    libinit.o(.ARM.Collect$$libinit$$00000000) refers (Special) to libinit2.o(.ARM.Collect$$libinit$$0000000C) for __rt_lib_init_rand_1
    libinit.o(.ARM.Collect$$libinit$$00000000) refers (Special) to libinit2.o(.ARM.Collect$$libinit$$00000031) for __rt_lib_init_return
    libinit.o(.ARM.Collect$$libinit$$00000000) refers (Special) to libinit2.o(.ARM.Collect$$libinit$$0000001B) for __rt_lib_init_signal_1
    libinit.o(.ARM.Collect$$libinit$$00000000) refers (Special) to libinit2.o(.ARM.Collect$$libinit$$00000023) for __rt_lib_init_stdio_1
    libinit.o(.ARM.Collect$$libinit$$00000000) refers (Special) to libinit2.o(.ARM.Collect$$libinit$$0000000A) for __rt_lib_init_user_alloc_1
    libspace.o(.text) refers to libspace.o(.bss) for __libspace_start
    rtexit.o(.ARM.Collect$$rtexit$$00000000) refers (Special) to rtexit2.o(.ARM.Collect$$rtexit$$00000004) for __rt_exit_exit
    rtexit.o(.ARM.Collect$$rtexit$$00000000) refers (Special) to rtexit2.o(.ARM.Collect$$rtexit$$00000003) for __rt_exit_ls
    rtexit.o(.ARM.Collect$$rtexit$$00000000) refers (Special) to rtexit2.o(.ARM.Collect$$rtexit$$00000002) for __rt_exit_prels_1
    rtexit.o(.ARM.exidx) refers (Special) to rtexit2.o(.ARM.Collect$$rtexit$$00000004) for __rt_exit_exit
    rtexit.o(.ARM.exidx) refers (Special) to rtexit2.o(.ARM.Collect$$rtexit$$00000003) for __rt_exit_ls
    rtexit.o(.ARM.exidx) refers (Special) to rtexit2.o(.ARM.Collect$$rtexit$$00000002) for __rt_exit_prels_1
    rtexit.o(.ARM.exidx) refers to rtexit.o(.ARM.Collect$$rtexit$$00000000) for .ARM.Collect$$rtexit$$00000000
    libinit2.o(.ARM.Collect$$libinit$$0000000E) refers to libinit2.o(.ARM.Collect$$libinit$$0000000D) for .ARM.Collect$$libinit$$0000000D
    libinit2.o(.ARM.Collect$$libinit$$00000010) refers to libinit2.o(.ARM.Collect$$libinit$$0000000D) for .ARM.Collect$$libinit$$0000000D
    libinit2.o(.ARM.Collect$$libinit$$00000012) refers to libinit2.o(.ARM.Collect$$libinit$$0000000D) for .ARM.Collect$$libinit$$0000000D
    libinit2.o(.ARM.Collect$$libinit$$00000014) refers to libinit2.o(.ARM.Collect$$libinit$$0000000D) for .ARM.Collect$$libinit$$0000000D
    libinit2.o(.ARM.Collect$$libinit$$00000016) refers to libinit2.o(.ARM.Collect$$libinit$$0000000D) for .ARM.Collect$$libinit$$0000000D
    libinit2.o(.ARM.Collect$$libinit$$00000024) refers to argv_veneer.o(.emb_text) for __ARM_argv_veneer
    libinit2.o(.ARM.Collect$$libinit$$00000025) refers to argv_veneer.o(.emb_text) for __ARM_argv_veneer
    rtexit2.o(.ARM.Collect$$rtexit$$00000003) refers to libshutdown.o(.ARM.Collect$$libshutdown$$00000000) for __rt_lib_shutdown
    rtexit2.o(.ARM.Collect$$rtexit$$00000004) refers to sys_exit.o(.text) for _sys_exit
    rtexit2.o(.ARM.exidx) refers to rtexit2.o(.ARM.Collect$$rtexit$$00000001) for .ARM.Collect$$rtexit$$00000001
    rtexit2.o(.ARM.exidx) refers to rtexit2.o(.ARM.Collect$$rtexit$$00000003) for .ARM.Collect$$rtexit$$00000003
    rtexit2.o(.ARM.exidx) refers to rtexit2.o(.ARM.Collect$$rtexit$$00000004) for .ARM.Collect$$rtexit$$00000004
    argv_veneer.o(.emb_text) refers to no_argv.o(.text) for __ARM_get_argv
    sys_exit.o(.text) refers (Special) to use_no_semi.o(.text) for __I$use$semihosting
    sys_exit.o(.text) refers (Special) to indicate_semi.o(.text) for __semihosting_library_function
    _get_argv_nomalloc.o(.text) refers (Special) to hrguard.o(.text) for __heap_region$guard
    _get_argv_nomalloc.o(.text) refers to defsig_rtmem_outer.o(.text) for __rt_SIGRTMEM
    _get_argv_nomalloc.o(.text) refers to sys_command.o(.text) for _sys_command_string
    libshutdown.o(.ARM.Collect$$libshutdown$$00000000) refers (Special) to libshutdown2.o(.ARM.Collect$$libshutdown$$00000006) for __rt_lib_shutdown_fp_trap_1
    libshutdown.o(.ARM.Collect$$libshutdown$$00000000) refers (Special) to libshutdown2.o(.ARM.Collect$$libshutdown$$0000000E) for __rt_lib_shutdown_heap_1
    libshutdown.o(.ARM.Collect$$libshutdown$$00000000) refers (Special) to libshutdown2.o(.ARM.Collect$$libshutdown$$0000000F) for __rt_lib_shutdown_return
    libshutdown.o(.ARM.Collect$$libshutdown$$00000000) refers (Special) to libshutdown2.o(.ARM.Collect$$libshutdown$$00000009) for __rt_lib_shutdown_signal_1
    libshutdown.o(.ARM.Collect$$libshutdown$$00000000) refers (Special) to libshutdown2.o(.ARM.Collect$$libshutdown$$00000003) for __rt_lib_shutdown_stdio_1
    libshutdown.o(.ARM.Collect$$libshutdown$$00000000) refers (Special) to libshutdown2.o(.ARM.Collect$$libshutdown$$0000000B) for __rt_lib_shutdown_user_alloc_1
    sys_command.o(.text) refers (Special) to use_no_semi.o(.text) for __I$use$semihosting
    sys_command.o(.text) refers (Special) to indicate_semi.o(.text) for __semihosting_library_function
    defsig_rtmem_outer.o(.text) refers to defsig_rtmem_inner.o(.text) for __rt_SIGRTMEM_inner
    defsig_rtmem_outer.o(.text) refers to defsig_exit.o(.text) for __sig_exit
    defsig_rtmem_formal.o(.text) refers to rt_raise.o(.text) for __rt_raise
    rt_raise.o(.text) refers to __raise.o(.text) for __raise
    rt_raise.o(.text) refers to sys_exit.o(.text) for _sys_exit
    defsig_exit.o(.text) refers to sys_exit.o(.text) for _sys_exit
    defsig_rtmem_inner.o(.text) refers to defsig_general.o(.text) for __default_signal_display
    __raise.o(.text) refers to defsig.o(CL$$defsig) for __default_signal_handler
    defsig_general.o(.text) refers to sys_wrch.o(.text) for _ttywrch
    sys_wrch.o(.text) refers (Special) to use_no_semi.o(.text) for __I$use$semihosting
    sys_wrch.o(.text) refers (Special) to indicate_semi.o(.text) for __semihosting_library_function
    defsig.o(CL$$defsig) refers to defsig_rtmem_inner.o(.text) for __rt_SIGRTMEM_inner
    defsig_abrt_inner.o(.text) refers to defsig_general.o(.text) for __default_signal_display
    defsig_fpe_inner.o(.text) refers to defsig_general.o(.text) for __default_signal_display
    defsig_rtred_inner.o(.text) refers to defsig_general.o(.text) for __default_signal_display
    defsig_stak_inner.o(.text) refers to defsig_general.o(.text) for __default_signal_display
    defsig_pvfn_inner.o(.text) refers to defsig_general.o(.text) for __default_signal_display
    defsig_cppl_inner.o(.text) refers to defsig_general.o(.text) for __default_signal_display
    defsig_segv_inner.o(.text) refers to defsig_general.o(.text) for __default_signal_display
    defsig_other.o(.text) refers to defsig_general.o(.text) for __default_signal_display


==============================================================================

Removing Unused input sections from the image.

    Removing random.o(DATA), (4 bytes).
    Removing random.o(.text), (60 bytes).
    Removing spaceinvaders.o(.constdata), (480 bytes).
    Removing texas.o(i.SetMode), (24 bytes).
    Removing texas.o(i.StartTimer4), (36 bytes).
    Removing texas.o(i.StopTimer4), (24 bytes).
    Removing texas.o(i.TExaS_Stop), (28 bytes).
    Removing texas.o(i.UART0_InChar), (24 bytes).
    Removing texas.o(i.UART0_InCharNonBlocking), (28 bytes).
    Removing texas.o(i.UART0_OutChar), (24 bytes).
    Removing texas.o(i.UART0_OutCharNonBlock), (12 bytes).
    Removing texas.o(i.copy), (18 bytes).
    Removing portf.o(.constdata), (480 bytes).
    Removing screen_draw.o(i.Delay1a00ms), (36 bytes).
    Removing screen_draw.o(.constdata), (480 bytes).
    Removing checkmoving.o(.constdata), (480 bytes).
    Removing dht11.o(i.Delay_mms), (26 bytes).
    Removing dht11.o(i.readDHT11), (260 bytes).
    Removing uart.o(i.UART_ConvertDistance), (2 bytes).
    Removing uart.o(i.UART_ConvertUDec), (2 bytes).
    Removing uart.o(i.UART_InCharNonBlocking), (28 bytes).
    Removing uart.o(i.UART_InUDec), (76 bytes).
    Removing uart.o(i.UART_OutChar), (24 bytes).
    Removing uart.o(i.UART_OutDistance), (24 bytes).
    Removing uart.o(i.UART_OutString), (22 bytes).
    Removing uart.o(i.UART_OutUDec), (24 bytes).
    Removing uart.o(.bss), (10 bytes).
    Removing port.o(i.Port_SetPinDirection), (212 bytes).
    Removing port.o(i.Port_SetPinPullDown), (212 bytes).
    Removing port.o(i.Port_SetPinPullUp), (212 bytes).

30 unused section(s) (total 3372 bytes) removed from the image.

==============================================================================

Image Symbol Table

    Local Symbols

    Symbol Name                              Value     Ov Type        Size  Object(Section)

    RESET                                    0x00000000   Section      644  startup.o(RESET)
    ../\Drivers/PORTF.c                      0x00000000   Number         0  portf.o ABSOLUTE
    ../clib/angel/boardlib.s                 0x00000000   Number         0  boardinit1.o ABSOLUTE
    ../clib/angel/boardlib.s                 0x00000000   Number         0  boardinit3.o ABSOLUTE
    ../clib/angel/boardlib.s                 0x00000000   Number         0  boardinit2.o ABSOLUTE
    ../clib/angel/boardlib.s                 0x00000000   Number         0  boardshut.o ABSOLUTE
    ../clib/angel/handlers.s                 0x00000000   Number         0  __scatter_copy.o ABSOLUTE
    ../clib/angel/handlers.s                 0x00000000   Number         0  __scatter_zi.o ABSOLUTE
    ../clib/angel/kernel.s                   0x00000000   Number         0  rtentry2.o ABSOLUTE
    ../clib/angel/kernel.s                   0x00000000   Number         0  rtentry.o ABSOLUTE
    ../clib/angel/kernel.s                   0x00000000   Number         0  rtexit.o ABSOLUTE
    ../clib/angel/kernel.s                   0x00000000   Number         0  rtexit2.o ABSOLUTE
    ../clib/angel/kernel.s                   0x00000000   Number         0  rtentry4.o ABSOLUTE
    ../clib/angel/rt.s                       0x00000000   Number         0  rt_raise.o ABSOLUTE
    ../clib/angel/scatter.s                  0x00000000   Number         0  __scatter.o ABSOLUTE
    ../clib/angel/startup.s                  0x00000000   Number         0  __main.o ABSOLUTE
    ../clib/angel/sys.s                      0x00000000   Number         0  sys_stackheap_outer.o ABSOLUTE
    ../clib/angel/sys.s                      0x00000000   Number         0  use_no_semi.o ABSOLUTE
    ../clib/angel/sys.s                      0x00000000   Number         0  indicate_semi.o ABSOLUTE
    ../clib/angel/sys.s                      0x00000000   Number         0  libspace.o ABSOLUTE
    ../clib/angel/sysapp.c                   0x00000000   Number         0  sys_wrch.o ABSOLUTE
    ../clib/angel/sysapp.c                   0x00000000   Number         0  sys_command.o ABSOLUTE
    ../clib/angel/sysapp.c                   0x00000000   Number         0  sys_exit.o ABSOLUTE
    ../clib/armsys.c                         0x00000000   Number         0  no_argv.o ABSOLUTE
    ../clib/armsys.c                         0x00000000   Number         0  _get_argv_nomalloc.o ABSOLUTE
    ../clib/armsys.c                         0x00000000   Number         0  argv_veneer.o ABSOLUTE
    ../clib/armsys.c                         0x00000000   Number         0  argv_veneer.o ABSOLUTE
    ../clib/heapalloc.c                      0x00000000   Number         0  hrguard.o ABSOLUTE
    ../clib/heapaux.c                        0x00000000   Number         0  heapauxi.o ABSOLUTE
    ../clib/libinit.s                        0x00000000   Number         0  libinit.o ABSOLUTE
    ../clib/libinit.s                        0x00000000   Number         0  libshutdown2.o ABSOLUTE
    ../clib/libinit.s                        0x00000000   Number         0  libshutdown.o ABSOLUTE
    ../clib/libinit.s                        0x00000000   Number         0  libinit2.o ABSOLUTE
    ../clib/memcpset.s                       0x00000000   Number         0  rt_memclr_w.o ABSOLUTE
    ../clib/signal.c                         0x00000000   Number         0  defsig_fpe_inner.o ABSOLUTE
    ../clib/signal.c                         0x00000000   Number         0  defsig_rtmem_outer.o ABSOLUTE
    ../clib/signal.c                         0x00000000   Number         0  defsig_abrt_inner.o ABSOLUTE
    ../clib/signal.c                         0x00000000   Number         0  defsig_exit.o ABSOLUTE
    ../clib/signal.c                         0x00000000   Number         0  defsig_rtmem_inner.o ABSOLUTE
    ../clib/signal.c                         0x00000000   Number         0  __raise.o ABSOLUTE
    ../clib/signal.c                         0x00000000   Number         0  defsig_cppl_inner.o ABSOLUTE
    ../clib/signal.c                         0x00000000   Number         0  defsig_general.o ABSOLUTE
    ../clib/signal.c                         0x00000000   Number         0  defsig_rtmem_formal.o ABSOLUTE
    ../clib/signal.c                         0x00000000   Number         0  defsig_other.o ABSOLUTE
    ../clib/signal.c                         0x00000000   Number         0  defsig_segv_inner.o ABSOLUTE
    ../clib/signal.c                         0x00000000   Number         0  defsig_pvfn_inner.o ABSOLUTE
    ../clib/signal.c                         0x00000000   Number         0  defsig_stak_inner.o ABSOLUTE
    ../clib/signal.c                         0x00000000   Number         0  defsig_rtred_inner.o ABSOLUTE
    ../clib/signal.s                         0x00000000   Number         0  defsig.o ABSOLUTE
    ../clib/stdlib.c                         0x00000000   Number         0  exit.o ABSOLUTE
    ../fplib/daddsub.s                       0x00000000   Number         0  daddsub_clz.o ABSOLUTE
    ../fplib/ddiv.s                          0x00000000   Number         0  ddiv.o ABSOLUTE
    ../fplib/dfix.s                          0x00000000   Number         0  dfix.o ABSOLUTE
    ../fplib/dfixu.s                         0x00000000   Number         0  dfixu.o ABSOLUTE
    ../fplib/dflt.s                          0x00000000   Number         0  dflt_clz.o ABSOLUTE
    ../fplib/dmul.s                          0x00000000   Number         0  dmul.o ABSOLUTE
    ../fplib/dnaninf.s                       0x00000000   Number         0  dnaninf.o ABSOLUTE
    ../fplib/dretinf.s                       0x00000000   Number         0  dretinf.o ABSOLUTE
    ../fplib/fpinit.s                        0x00000000   Number         0  fpinit.o ABSOLUTE
    ../fplib/usenofp.s                       0x00000000   Number         0  usenofp.o ABSOLUTE
    ..\Drivers/TIMER2.c                      0x00000000   Number         0  timer2.o ABSOLUTE
    ..\Drivers/checkMoving.c                 0x00000000   Number         0  checkmoving.o ABSOLUTE
    ..\Drivers/screen_draw.c                 0x00000000   Number         0  screen_draw.o ABSOLUTE
    ..\Drivers/shapes.c                      0x00000000   Number         0  shapes.o ABSOLUTE
    ADC.c                                    0x00000000   Number         0  adc.o ABSOLUTE
    Nokia5110.c                              0x00000000   Number         0  nokia5110.o ABSOLUTE
    Potentiometer.c                          0x00000000   Number         0  potentiometer.o ABSOLUTE
    SpaceInvaders.c                          0x00000000   Number         0  spaceinvaders.o ABSOLUTE
    TExaS.c                                  0x00000000   Number         0  texas.o ABSOLUTE
    UART.c                                   0x00000000   Number         0  uart.o ABSOLUTE
    dc.s                                     0x00000000   Number         0  dc.o ABSOLUTE
    dht11.c                                  0x00000000   Number         0  dht11.o ABSOLUTE
    port.c                                   0x00000000   Number         0  port.o ABSOLUTE
    pwm.c                                    0x00000000   Number         0  pwm.o ABSOLUTE
    random.s                                 0x00000000   Number         0  random.o ABSOLUTE
    startup.s                                0x00000000   Number         0  startup.o ABSOLUTE
    temp.c                                   0x00000000   Number         0  temp.o ABSOLUTE
    !!!main                                  0x00000284   Section        8  __main.o(!!!main)
    !!!scatter                               0x0000028c   Section       52  __scatter.o(!!!scatter)
    !!handler_copy                           0x000002c0   Section       26  __scatter_copy.o(!!handler_copy)
    !!handler_zi                             0x000002dc   Section       28  __scatter_zi.o(!!handler_zi)
    .ARM.Collect$$libinit$$00000000          0x000002f8   Section        2  libinit.o(.ARM.Collect$$libinit$$00000000)
    .ARM.Collect$$libinit$$00000002          0x000002fa   Section        0  libinit2.o(.ARM.Collect$$libinit$$00000002)
    .ARM.Collect$$libinit$$00000008          0x000002fa   Section        0  libinit2.o(.ARM.Collect$$libinit$$00000008)
    .ARM.Collect$$libinit$$0000000A          0x000002fa   Section        0  libinit2.o(.ARM.Collect$$libinit$$0000000A)
    .ARM.Collect$$libinit$$0000000C          0x000002fa   Section        0  libinit2.o(.ARM.Collect$$libinit$$0000000C)
    .ARM.Collect$$libinit$$0000000F          0x000002fa   Section        0  libinit2.o(.ARM.Collect$$libinit$$0000000F)
    .ARM.Collect$$libinit$$00000011          0x000002fa   Section        0  libinit2.o(.ARM.Collect$$libinit$$00000011)
    .ARM.Collect$$libinit$$00000013          0x000002fa   Section        0  libinit2.o(.ARM.Collect$$libinit$$00000013)
    .ARM.Collect$$libinit$$00000015          0x000002fa   Section        0  libinit2.o(.ARM.Collect$$libinit$$00000015)
    .ARM.Collect$$libinit$$00000017          0x000002fa   Section        0  libinit2.o(.ARM.Collect$$libinit$$00000017)
    .ARM.Collect$$libinit$$00000019          0x000002fa   Section        0  libinit2.o(.ARM.Collect$$libinit$$00000019)
    .ARM.Collect$$libinit$$0000001B          0x000002fa   Section        0  libinit2.o(.ARM.Collect$$libinit$$0000001B)
    .ARM.Collect$$libinit$$0000001D          0x000002fa   Section        0  libinit2.o(.ARM.Collect$$libinit$$0000001D)
    .ARM.Collect$$libinit$$0000001F          0x000002fa   Section        0  libinit2.o(.ARM.Collect$$libinit$$0000001F)
    .ARM.Collect$$libinit$$00000021          0x000002fa   Section        0  libinit2.o(.ARM.Collect$$libinit$$00000021)
    .ARM.Collect$$libinit$$00000023          0x000002fa   Section        0  libinit2.o(.ARM.Collect$$libinit$$00000023)
    .ARM.Collect$$libinit$$0000002A          0x000002fa   Section        0  libinit2.o(.ARM.Collect$$libinit$$0000002A)
    .ARM.Collect$$libinit$$0000002C          0x000002fa   Section        0  libinit2.o(.ARM.Collect$$libinit$$0000002C)
    .ARM.Collect$$libinit$$0000002E          0x000002fa   Section        0  libinit2.o(.ARM.Collect$$libinit$$0000002E)
    .ARM.Collect$$libinit$$00000030          0x000002fa   Section        0  libinit2.o(.ARM.Collect$$libinit$$00000030)
    .ARM.Collect$$libinit$$00000031          0x000002fa   Section        2  libinit2.o(.ARM.Collect$$libinit$$00000031)
    .ARM.Collect$$libshutdown$$00000000      0x000002fc   Section        2  libshutdown.o(.ARM.Collect$$libshutdown$$00000000)
    .ARM.Collect$$libshutdown$$00000003      0x000002fe   Section        0  libshutdown2.o(.ARM.Collect$$libshutdown$$00000003)
    .ARM.Collect$$libshutdown$$00000006      0x000002fe   Section        0  libshutdown2.o(.ARM.Collect$$libshutdown$$00000006)
    .ARM.Collect$$libshutdown$$00000009      0x000002fe   Section        0  libshutdown2.o(.ARM.Collect$$libshutdown$$00000009)
    .ARM.Collect$$libshutdown$$0000000B      0x000002fe   Section        0  libshutdown2.o(.ARM.Collect$$libshutdown$$0000000B)
    .ARM.Collect$$libshutdown$$0000000E      0x000002fe   Section        0  libshutdown2.o(.ARM.Collect$$libshutdown$$0000000E)
    .ARM.Collect$$libshutdown$$0000000F      0x000002fe   Section        2  libshutdown2.o(.ARM.Collect$$libshutdown$$0000000F)
    .ARM.Collect$$rtentry$$00000000          0x00000300   Section        0  rtentry.o(.ARM.Collect$$rtentry$$00000000)
    .ARM.Collect$$rtentry$$00000002          0x00000300   Section        0  rtentry2.o(.ARM.Collect$$rtentry$$00000002)
    .ARM.Collect$$rtentry$$00000004          0x00000300   Section        6  rtentry4.o(.ARM.Collect$$rtentry$$00000004)
    .ARM.Collect$$rtentry$$00000009          0x00000306   Section        0  rtentry2.o(.ARM.Collect$$rtentry$$00000009)
    .ARM.Collect$$rtentry$$0000000A          0x00000306   Section        4  rtentry2.o(.ARM.Collect$$rtentry$$0000000A)
    .ARM.Collect$$rtentry$$0000000C          0x0000030a   Section        0  rtentry2.o(.ARM.Collect$$rtentry$$0000000C)
    .ARM.Collect$$rtentry$$0000000D          0x0000030a   Section        8  rtentry2.o(.ARM.Collect$$rtentry$$0000000D)
    .ARM.Collect$$rtexit$$00000000           0x00000312   Section        2  rtexit.o(.ARM.Collect$$rtexit$$00000000)
    .ARM.Collect$$rtexit$$00000002           0x00000314   Section        0  rtexit2.o(.ARM.Collect$$rtexit$$00000002)
    .ARM.Collect$$rtexit$$00000003           0x00000314   Section        4  rtexit2.o(.ARM.Collect$$rtexit$$00000003)
    .ARM.Collect$$rtexit$$00000004           0x00000318   Section        6  rtexit2.o(.ARM.Collect$$rtexit$$00000004)
    .text                                    0x00000320   Section       48  startup.o(.text)
    .text                                    0x00000350   Section       78  rt_memclr_w.o(.text)
    .text                                    0x0000039e   Section        0  heapauxi.o(.text)
    .text                                    0x000003a4   Section       74  sys_stackheap_outer.o(.text)
    .text                                    0x000003ee   Section        0  exit.o(.text)
    .text                                    0x000003fc   Section        8  libspace.o(.text)
    .text                                    0x00000404   Section        0  sys_exit.o(.text)
    .text                                    0x00000410   Section        2  use_no_semi.o(.text)
    .text                                    0x00000412   Section        0  indicate_semi.o(.text)
    i.ADC0_Init                              0x00000414   Section        0  adc.o(i.ADC0_Init)
    i.ADC0_Init1                             0x0000073c   Section        0  temp.o(i.ADC0_Init1)
    i.ADC0_SS2_Init                          0x000007cc   Section        0  adc.o(i.ADC0_SS2_Init)
    i.ADC0_SS2_Read                          0x00000870   Section        0  adc.o(i.ADC0_SS2_Read)
    i.ADC1_In                                0x000008a8   Section        0  texas.o(i.ADC1_In)
    i.ADC1_Init                              0x000008b4   Section        0  texas.o(i.ADC1_Init)
    i.Delay100ms                             0x00000988   Section        0  spaceinvaders.o(i.Delay100ms)
    i.EndGame                                0x000009ac   Section        0  screen_draw.o(i.EndGame)
    i.GPIOPortF_Handler                      0x00000a1c   Section        0  portf.o(i.GPIOPortF_Handler)
    i.Nokia5110_Clear                        0x00000af4   Section        0  nokia5110.o(i.Nokia5110_Clear)
    i.Nokia5110_ClearBuffer                  0x00000b14   Section        0  nokia5110.o(i.Nokia5110_ClearBuffer)
    i.Nokia5110_DisplayBuffer                0x00000b2c   Section        0  nokia5110.o(i.Nokia5110_DisplayBuffer)
    i.Nokia5110_DrawFullImage                0x00000b3c   Section        0  nokia5110.o(i.Nokia5110_DrawFullImage)
    i.Nokia5110_Init                         0x00000b60   Section        0  nokia5110.o(i.Nokia5110_Init)
    i.Nokia5110_OutChar                      0x00000ccc   Section        0  nokia5110.o(i.Nokia5110_OutChar)
    i.Nokia5110_OutString                    0x00000d0c   Section        0  nokia5110.o(i.Nokia5110_OutString)
    i.Nokia5110_OutUDec                      0x00000d24   Section        0  nokia5110.o(i.Nokia5110_OutUDec)
    i.Nokia5110_PrintBMP                     0x00000ec0   Section        0  nokia5110.o(i.Nokia5110_PrintBMP)
    i.Nokia5110_SetCursor                    0x00001068   Section        0  nokia5110.o(i.Nokia5110_SetCursor)
    i.PLL_Init                               0x00001098   Section        0  texas.o(i.PLL_Init)
    i.PORTF_Init                             0x00001114   Section        0  portf.o(i.PORTF_Init)
    i.Port_Init                              0x00001220   Section        0  port.o(i.Port_Init)
    i.Pot_Init                               0x00001360   Section        0  potentiometer.o(i.Pot_Init)
    i.Pot_Read                               0x00001378   Section        0  potentiometer.o(i.Pot_Read)
    i.SetCode                                0x00001380   Section        0  texas.o(i.SetCode)
    i.SetCourse                              0x00001398   Section        0  texas.o(i.SetCourse)
    i.TExaS_Init                             0x000013b0   Section        0  texas.o(i.TExaS_Init)
    i.Tempsensor_read                        0x00001574   Section        0  temp.o(i.Tempsensor_read)
    i.Timer2A_Handler                        0x000015ec   Section        0  timer2.o(i.Timer2A_Handler)
    i.Timer2_Init                            0x0000160c   Section        0  timer2.o(i.Timer2_Init)
    i.Timer4A_Handler                        0x0000167c   Section        0  texas.o(i.Timer4A_Handler)
    i.Timer5A_Handler                        0x0000169c   Section        0  texas.o(i.Timer5A_Handler)
    i.UART0_Init                             0x000016cc   Section        0  texas.o(i.UART0_Init)
    i.UART_InChar                            0x0000178c   Section        0  uart.o(i.UART_InChar)
    i.UART_Init                              0x000017a4   Section        0  uart.o(i.UART_Init)
    i.WinGame                                0x00001874   Section        0  screen_draw.o(i.WinGame)
    i.display                                0x000018b4   Section        0  screen_draw.o(i.display)
    i.draw                                   0x00001908   Section        0  screen_draw.o(i.draw)
    i.lcdwrite                               0x00001960   Section        0  nokia5110.o(i.lcdwrite)
    lcdwrite                                 0x00001961   Thumb Code    66  nokia5110.o(i.lcdwrite)
    i.led_smart_home                         0x000019ac   Section        0  spaceinvaders.o(i.led_smart_home)
    i.main                                   0x00001ac4   Section        0  spaceinvaders.o(i.main)
    i.play                                   0x00001c70   Section        0  checkmoving.o(i.play)
    i.pwm_init                               0x00002310   Section        0  pwm.o(i.pwm_init)
    i.pwm_setDutycycle                       0x000023ec   Section        0  pwm.o(i.pwm_setDutycycle)
    i.startingScreen                         0x00002464   Section        0  screen_draw.o(i.startingScreen)
    x$fpl$dadd                               0x00002518   Section      336  daddsub_clz.o(x$fpl$dadd)
    _dadd1                                   0x00002529   Thumb Code     0  daddsub_clz.o(x$fpl$dadd)
    x$fpl$ddiv                               0x00002668   Section      688  ddiv.o(x$fpl$ddiv)
    ddiv_entry                               0x0000266f   Thumb Code     0  ddiv.o(x$fpl$ddiv)
    x$fpl$dfix                               0x00002918   Section       94  dfix.o(x$fpl$dfix)
    x$fpl$dfixu                              0x00002978   Section       90  dfixu.o(x$fpl$dfixu)
    x$fpl$dfltu                              0x000029d2   Section       38  dflt_clz.o(x$fpl$dfltu)
    x$fpl$dmul                               0x000029f8   Section      340  dmul.o(x$fpl$dmul)
    x$fpl$dnaninf                            0x00002b4c   Section      156  dnaninf.o(x$fpl$dnaninf)
    x$fpl$dretinf                            0x00002be8   Section       12  dretinf.o(x$fpl$dretinf)
    x$fpl$drsb                               0x00002bf4   Section       22  daddsub_clz.o(x$fpl$drsb)
    x$fpl$dsub                               0x00002c0c   Section      468  daddsub_clz.o(x$fpl$dsub)
    _dsub1                                   0x00002c1d   Thumb Code     0  daddsub_clz.o(x$fpl$dsub)
    .constdata                               0x00002de0   Section      480  nokia5110.o(.constdata)
    x$fpl$usenofp                            0x00002de0   Section        0  usenofp.o(x$fpl$usenofp)
    ASCII                                    0x00002de0   Data         480  nokia5110.o(.constdata)
    .constdata                               0x00002fc0   Section      360  texas.o(.constdata)
    .constdata                               0x00003128   Section     1299  shapes.o(.constdata)
    .data                                    0x20000000   Section       64  spaceinvaders.o(.data)
    pot_read                                 0x2000002c   Data           4  spaceinvaders.o(.data)
    .data                                    0x20000040   Section       52  texas.o(.data)
    .bss                                     0x20000074   Section      504  nokia5110.o(.bss)
    .bss                                     0x2000026c   Section      672  spaceinvaders.o(.bss)
    .bss                                     0x20000510   Section       56  texas.o(.bss)
    .bss                                     0x20000548   Section       96  libspace.o(.bss)
    HEAP                                     0x200005a8   Section        0  startup.o(HEAP)
    STACK                                    0x200005a8   Section     1024  startup.o(STACK)
    HeapMem                                  0x200005a8   Data           0  startup.o(HEAP)
    StackMem                                 0x200005a8   Data           0  startup.o(STACK)

    Global Symbols

    Symbol Name                              Value     Ov Type        Size  Object(Section)

    BuildAttributes$$THM_ISAv4$E$P$D$K$B$S$7EM$PE$A:L22UL41UL21$X:L11$S22US41US21$IEEE1$IW$USESV6$~STKCKD$USESV7$~SHL$OSPACE$ROPI$EBA8$UX$STANDARDLIB$REQ8$PRES8$EABIv2 0x00000000   Number         0  anon$$obj.o ABSOLUTE
    __ARM_use_no_argv                        0x00000000   Number         0  spaceinvaders.o ABSOLUTE
    __Vectors                                0x00000000   Data           0  startup.o(RESET)
    __ARM_exceptions_init                     - Undefined Weak Reference
    __alloca_initialize                       - Undefined Weak Reference
    __cpp_initialize__aeabi_                  - Undefined Weak Reference
    __cxa_finalize                            - Undefined Weak Reference
    __rt_locale                               - Undefined Weak Reference
    __sigvec_lookup                           - Undefined Weak Reference
    _atexit_init                              - Undefined Weak Reference
    _call_atexit_fns                          - Undefined Weak Reference
    _clock_init                               - Undefined Weak Reference
    _fp_trap_init                             - Undefined Weak Reference
    _fp_trap_shutdown                         - Undefined Weak Reference
    _get_lc_collate                           - Undefined Weak Reference
    _get_lc_ctype                             - Undefined Weak Reference
    _get_lc_monetary                          - Undefined Weak Reference
    _get_lc_numeric                           - Undefined Weak Reference
    _get_lc_time                              - Undefined Weak Reference
    _getenv_init                              - Undefined Weak Reference
    _handle_redirection                       - Undefined Weak Reference
    _init_alloc                               - Undefined Weak Reference
    _init_user_alloc                          - Undefined Weak Reference
    _initio                                   - Undefined Weak Reference
    _rand_init                                - Undefined Weak Reference
    _signal_finish                            - Undefined Weak Reference
    _signal_init                              - Undefined Weak Reference
    _terminate_alloc                          - Undefined Weak Reference
    _terminate_user_alloc                     - Undefined Weak Reference
    _terminateio                              - Undefined Weak Reference
    Reset_Handler                            0x0000026d   Thumb Code     0  startup.o(RESET)
    NMI_Handler                              0x00000271   Thumb Code     2  startup.o(RESET)
    HardFault_Handler                        0x00000273   Thumb Code     2  startup.o(RESET)
    MemManage_Handler                        0x00000275   Thumb Code     2  startup.o(RESET)
    BusFault_Handler                         0x00000277   Thumb Code     2  startup.o(RESET)
    UsageFault_Handler                       0x00000279   Thumb Code     2  startup.o(RESET)
    SVC_Handler                              0x0000027b   Thumb Code     2  startup.o(RESET)
    DebugMon_Handler                         0x0000027d   Thumb Code     2  startup.o(RESET)
    PendSV_Handler                           0x0000027f   Thumb Code     2  startup.o(RESET)
    SysTick_Handler                          0x00000281   Thumb Code     2  startup.o(RESET)
    ADC0Seq0_Handler                         0x00000283   Thumb Code     0  startup.o(RESET)
    ADC0Seq1_Handler                         0x00000283   Thumb Code     0  startup.o(RESET)
    ADC0Seq2_Handler                         0x00000283   Thumb Code     0  startup.o(RESET)
    ADC0Seq3_Handler                         0x00000283   Thumb Code     0  startup.o(RESET)
    ADC1Seq0_Handler                         0x00000283   Thumb Code     0  startup.o(RESET)
    ADC1Seq1_Handler                         0x00000283   Thumb Code     0  startup.o(RESET)
    ADC1Seq2_Handler                         0x00000283   Thumb Code     0  startup.o(RESET)
    ADC1Seq3_Handler                         0x00000283   Thumb Code     0  startup.o(RESET)
    CAN0_Handler                             0x00000283   Thumb Code     0  startup.o(RESET)
    CAN1_Handler                             0x00000283   Thumb Code     0  startup.o(RESET)
    CAN2_Handler                             0x00000283   Thumb Code     0  startup.o(RESET)
    Comp0_Handler                            0x00000283   Thumb Code     0  startup.o(RESET)
    Comp1_Handler                            0x00000283   Thumb Code     0  startup.o(RESET)
    Comp2_Handler                            0x00000283   Thumb Code     0  startup.o(RESET)
    Ethernet_Handler                         0x00000283   Thumb Code     0  startup.o(RESET)
    ExtBus_Handler                           0x00000283   Thumb Code     0  startup.o(RESET)
    FPU_Handler                              0x00000283   Thumb Code     0  startup.o(RESET)
    Fan0_Handler                             0x00000283   Thumb Code     0  startup.o(RESET)
    FlashCtl_Handler                         0x00000283   Thumb Code     0  startup.o(RESET)
    GPIOPortA_Handler                        0x00000283   Thumb Code     0  startup.o(RESET)
    GPIOPortB_Handler                        0x00000283   Thumb Code     0  startup.o(RESET)
    GPIOPortC_Handler                        0x00000283   Thumb Code     0  startup.o(RESET)
    GPIOPortD_Handler                        0x00000283   Thumb Code     0  startup.o(RESET)
    GPIOPortE_Handler                        0x00000283   Thumb Code     0  startup.o(RESET)
    GPIOPortG_Handler                        0x00000283   Thumb Code     0  startup.o(RESET)
    GPIOPortH_Handler                        0x00000283   Thumb Code     0  startup.o(RESET)
    GPIOPortJ_Handler                        0x00000283   Thumb Code     0  startup.o(RESET)
    GPIOPortK_Handler                        0x00000283   Thumb Code     0  startup.o(RESET)
    GPIOPortL_Handler                        0x00000283   Thumb Code     0  startup.o(RESET)
    GPIOPortM_Handler                        0x00000283   Thumb Code     0  startup.o(RESET)
    GPIOPortN_Handler                        0x00000283   Thumb Code     0  startup.o(RESET)
    GPIOPortP1_Handler                       0x00000283   Thumb Code     0  startup.o(RESET)
    GPIOPortP2_Handler                       0x00000283   Thumb Code     0  startup.o(RESET)
    GPIOPortP3_Handler                       0x00000283   Thumb Code     0  startup.o(RESET)
    GPIOPortP4_Handler                       0x00000283   Thumb Code     0  startup.o(RESET)
    GPIOPortP5_Handler                       0x00000283   Thumb Code     0  startup.o(RESET)
    GPIOPortP6_Handler                       0x00000283   Thumb Code     0  startup.o(RESET)
    GPIOPortP7_Handler                       0x00000283   Thumb Code     0  startup.o(RESET)
    GPIOPortP_Handler                        0x00000283   Thumb Code     0  startup.o(RESET)
    GPIOPortQ1_Handler                       0x00000283   Thumb Code     0  startup.o(RESET)
    GPIOPortQ2_Handler                       0x00000283   Thumb Code     0  startup.o(RESET)
    GPIOPortQ3_Handler                       0x00000283   Thumb Code     0  startup.o(RESET)
    GPIOPortQ4_Handler                       0x00000283   Thumb Code     0  startup.o(RESET)
    GPIOPortQ5_Handler                       0x00000283   Thumb Code     0  startup.o(RESET)
    GPIOPortQ6_Handler                       0x00000283   Thumb Code     0  startup.o(RESET)
    GPIOPortQ7_Handler                       0x00000283   Thumb Code     0  startup.o(RESET)
    GPIOPortQ_Handler                        0x00000283   Thumb Code     0  startup.o(RESET)
    GPIOPortR_Handler                        0x00000283   Thumb Code     0  startup.o(RESET)
    GPIOPortS_Handler                        0x00000283   Thumb Code     0  startup.o(RESET)
    Hibernate_Handler                        0x00000283   Thumb Code     0  startup.o(RESET)
    I2C0_Handler                             0x00000283   Thumb Code     0  startup.o(RESET)
    I2C1_Handler                             0x00000283   Thumb Code     0  startup.o(RESET)
    I2C2_Handler                             0x00000283   Thumb Code     0  startup.o(RESET)
    I2C3_Handler                             0x00000283   Thumb Code     0  startup.o(RESET)
    I2C4_Handler                             0x00000283   Thumb Code     0  startup.o(RESET)
    I2C5_Handler                             0x00000283   Thumb Code     0  startup.o(RESET)
    I2S0_Handler                             0x00000283   Thumb Code     0  startup.o(RESET)
    LPC0_Handler                             0x00000283   Thumb Code     0  startup.o(RESET)
    PECI0_Handler                            0x00000283   Thumb Code     0  startup.o(RESET)
    PWM0Fault_Handler                        0x00000283   Thumb Code     0  startup.o(RESET)
    PWM0Generator0_Handler                   0x00000283   Thumb Code     0  startup.o(RESET)
    PWM0Generator1_Handler                   0x00000283   Thumb Code     0  startup.o(RESET)
    PWM0Generator2_Handler                   0x00000283   Thumb Code     0  startup.o(RESET)
    PWM0Generator3_Handler                   0x00000283   Thumb Code     0  startup.o(RESET)
    PWM1Fault_Handler                        0x00000283   Thumb Code     0  startup.o(RESET)
    PWM1Generator0_Handler                   0x00000283   Thumb Code     0  startup.o(RESET)
    PWM1Generator1_Handler                   0x00000283   Thumb Code     0  startup.o(RESET)
    PWM1Generator2_Handler                   0x00000283   Thumb Code     0  startup.o(RESET)
    PWM1Generator3_Handler                   0x00000283   Thumb Code     0  startup.o(RESET)
    Quadrature0_Handler                      0x00000283   Thumb Code     0  startup.o(RESET)
    Quadrature1_Handler                      0x00000283   Thumb Code     0  startup.o(RESET)
    Quadrature2_Handler                      0x00000283   Thumb Code     0  startup.o(RESET)
    SSI0_Handler                             0x00000283   Thumb Code     0  startup.o(RESET)
    SSI1_Handler                             0x00000283   Thumb Code     0  startup.o(RESET)
    SSI2_Handler                             0x00000283   Thumb Code     0  startup.o(RESET)
    SSI3_Handler                             0x00000283   Thumb Code     0  startup.o(RESET)
    SysCtl_Handler                           0x00000283   Thumb Code     0  startup.o(RESET)
    Timer0A_Handler                          0x00000283   Thumb Code     0  startup.o(RESET)
    Timer0B_Handler                          0x00000283   Thumb Code     0  startup.o(RESET)
    Timer1A_Handler                          0x00000283   Thumb Code     0  startup.o(RESET)
    Timer1B_Handler                          0x00000283   Thumb Code     0  startup.o(RESET)
    Timer2B_Handler                          0x00000283   Thumb Code     0  startup.o(RESET)
    Timer3A_Handler                          0x00000283   Thumb Code     0  startup.o(RESET)
    Timer3B_Handler                          0x00000283   Thumb Code     0  startup.o(RESET)
    Timer4B_Handler                          0x00000283   Thumb Code     0  startup.o(RESET)
    Timer5B_Handler                          0x00000283   Thumb Code     0  startup.o(RESET)
    UART0_Handler                            0x00000283   Thumb Code     0  startup.o(RESET)
    UART1_Handler                            0x00000283   Thumb Code     0  startup.o(RESET)
    UART2_Handler                            0x00000283   Thumb Code     0  startup.o(RESET)
    UART3_Handler                            0x00000283   Thumb Code     0  startup.o(RESET)
    UART4_Handler                            0x00000283   Thumb Code     0  startup.o(RESET)
    UART5_Handler                            0x00000283   Thumb Code     0  startup.o(RESET)
    UART6_Handler                            0x00000283   Thumb Code     0  startup.o(RESET)
    UART7_Handler                            0x00000283   Thumb Code     0  startup.o(RESET)
    USB0_Handler                             0x00000283   Thumb Code     0  startup.o(RESET)
    WDT_Handler                              0x00000283   Thumb Code     0  startup.o(RESET)
    WideTimer0A_Handler                      0x00000283   Thumb Code     0  startup.o(RESET)
    WideTimer0B_Handler                      0x00000283   Thumb Code     0  startup.o(RESET)
    WideTimer1A_Handler                      0x00000283   Thumb Code     0  startup.o(RESET)
    WideTimer1B_Handler                      0x00000283   Thumb Code     0  startup.o(RESET)
    WideTimer2A_Handler                      0x00000283   Thumb Code     0  startup.o(RESET)
    WideTimer2B_Handler                      0x00000283   Thumb Code     0  startup.o(RESET)
    WideTimer3A_Handler                      0x00000283   Thumb Code     0  startup.o(RESET)
    WideTimer3B_Handler                      0x00000283   Thumb Code     0  startup.o(RESET)
    WideTimer4A_Handler                      0x00000283   Thumb Code     0  startup.o(RESET)
    WideTimer4B_Handler                      0x00000283   Thumb Code     0  startup.o(RESET)
    WideTimer5A_Handler                      0x00000283   Thumb Code     0  startup.o(RESET)
    WideTimer5B_Handler                      0x00000283   Thumb Code     0  startup.o(RESET)
    uDMA_Error                               0x00000283   Thumb Code     0  startup.o(RESET)
    uDMA_Handler                             0x00000283   Thumb Code     0  startup.o(RESET)
    __main                                   0x00000285   Thumb Code     8  __main.o(!!!main)
    __scatterload                            0x0000028d   Thumb Code     0  __scatter.o(!!!scatter)
    __scatterload_rt2                        0x0000028d   Thumb Code    44  __scatter.o(!!!scatter)
    __scatterload_rt2_thumb_only             0x0000028d   Thumb Code     0  __scatter.o(!!!scatter)
    __scatterload_null                       0x0000029b   Thumb Code     0  __scatter.o(!!!scatter)
    __scatterload_copy                       0x000002c1   Thumb Code    26  __scatter_copy.o(!!handler_copy)
    __scatterload_zeroinit                   0x000002dd   Thumb Code    28  __scatter_zi.o(!!handler_zi)
    __rt_lib_init                            0x000002f9   Thumb Code     0  libinit.o(.ARM.Collect$$libinit$$00000000)
    __rt_lib_init_alloca_1                   0x000002fb   Thumb Code     0  libinit2.o(.ARM.Collect$$libinit$$0000002C)
    __rt_lib_init_argv_1                     0x000002fb   Thumb Code     0  libinit2.o(.ARM.Collect$$libinit$$0000002A)
    __rt_lib_init_atexit_1                   0x000002fb   Thumb Code     0  libinit2.o(.ARM.Collect$$libinit$$00000019)
    __rt_lib_init_clock_1                    0x000002fb   Thumb Code     0  libinit2.o(.ARM.Collect$$libinit$$0000001F)
    __rt_lib_init_cpp_1                      0x000002fb   Thumb Code     0  libinit2.o(.ARM.Collect$$libinit$$00000030)
    __rt_lib_init_exceptions_1               0x000002fb   Thumb Code     0  libinit2.o(.ARM.Collect$$libinit$$0000002E)
    __rt_lib_init_fp_1                       0x000002fb   Thumb Code     0  libinit2.o(.ARM.Collect$$libinit$$00000002)
    __rt_lib_init_fp_trap_1                  0x000002fb   Thumb Code     0  libinit2.o(.ARM.Collect$$libinit$$0000001D)
    __rt_lib_init_getenv_1                   0x000002fb   Thumb Code     0  libinit2.o(.ARM.Collect$$libinit$$00000021)
    __rt_lib_init_heap_1                     0x000002fb   Thumb Code     0  libinit2.o(.ARM.Collect$$libinit$$00000008)
    __rt_lib_init_lc_collate_1               0x000002fb   Thumb Code     0  libinit2.o(.ARM.Collect$$libinit$$0000000F)
    __rt_lib_init_lc_ctype_1                 0x000002fb   Thumb Code     0  libinit2.o(.ARM.Collect$$libinit$$00000011)
    __rt_lib_init_lc_monetary_1              0x000002fb   Thumb Code     0  libinit2.o(.ARM.Collect$$libinit$$00000013)
    __rt_lib_init_lc_numeric_1               0x000002fb   Thumb Code     0  libinit2.o(.ARM.Collect$$libinit$$00000015)
    __rt_lib_init_lc_time_1                  0x000002fb   Thumb Code     0  libinit2.o(.ARM.Collect$$libinit$$00000017)
    __rt_lib_init_rand_1                     0x000002fb   Thumb Code     0  libinit2.o(.ARM.Collect$$libinit$$0000000C)
    __rt_lib_init_return                     0x000002fb   Thumb Code     0  libinit2.o(.ARM.Collect$$libinit$$00000031)
    __rt_lib_init_signal_1                   0x000002fb   Thumb Code     0  libinit2.o(.ARM.Collect$$libinit$$0000001B)
    __rt_lib_init_stdio_1                    0x000002fb   Thumb Code     0  libinit2.o(.ARM.Collect$$libinit$$00000023)
    __rt_lib_init_user_alloc_1               0x000002fb   Thumb Code     0  libinit2.o(.ARM.Collect$$libinit$$0000000A)
    __rt_lib_shutdown                        0x000002fd   Thumb Code     0  libshutdown.o(.ARM.Collect$$libshutdown$$00000000)
    __rt_lib_shutdown_fp_trap_1              0x000002ff   Thumb Code     0  libshutdown2.o(.ARM.Collect$$libshutdown$$00000006)
    __rt_lib_shutdown_heap_1                 0x000002ff   Thumb Code     0  libshutdown2.o(.ARM.Collect$$libshutdown$$0000000E)
    __rt_lib_shutdown_return                 0x000002ff   Thumb Code     0  libshutdown2.o(.ARM.Collect$$libshutdown$$0000000F)
    __rt_lib_shutdown_signal_1               0x000002ff   Thumb Code     0  libshutdown2.o(.ARM.Collect$$libshutdown$$00000009)
    __rt_lib_shutdown_stdio_1                0x000002ff   Thumb Code     0  libshutdown2.o(.ARM.Collect$$libshutdown$$00000003)
    __rt_lib_shutdown_user_alloc_1           0x000002ff   Thumb Code     0  libshutdown2.o(.ARM.Collect$$libshutdown$$0000000B)
    __rt_entry                               0x00000301   Thumb Code     0  rtentry.o(.ARM.Collect$$rtentry$$00000000)
    __rt_entry_presh_1                       0x00000301   Thumb Code     0  rtentry2.o(.ARM.Collect$$rtentry$$00000002)
    __rt_entry_sh                            0x00000301   Thumb Code     0  rtentry4.o(.ARM.Collect$$rtentry$$00000004)
    __rt_entry_li                            0x00000307   Thumb Code     0  rtentry2.o(.ARM.Collect$$rtentry$$0000000A)
    __rt_entry_postsh_1                      0x00000307   Thumb Code     0  rtentry2.o(.ARM.Collect$$rtentry$$00000009)
    __rt_entry_main                          0x0000030b   Thumb Code     0  rtentry2.o(.ARM.Collect$$rtentry$$0000000D)
    __rt_entry_postli_1                      0x0000030b   Thumb Code     0  rtentry2.o(.ARM.Collect$$rtentry$$0000000C)
    __rt_exit                                0x00000313   Thumb Code     0  rtexit.o(.ARM.Collect$$rtexit$$00000000)
    __rt_exit_ls                             0x00000315   Thumb Code     0  rtexit2.o(.ARM.Collect$$rtexit$$00000003)
    __rt_exit_prels_1                        0x00000315   Thumb Code     0  rtexit2.o(.ARM.Collect$$rtexit$$00000002)
    __rt_exit_exit                           0x00000319   Thumb Code     0  rtexit2.o(.ARM.Collect$$rtexit$$00000004)
    DisableInterrupts                        0x00000321   Thumb Code     0  startup.o(.text)
    EnableInterrupts                         0x00000325   Thumb Code     0  startup.o(.text)
    StartCritical                            0x00000329   Thumb Code     0  startup.o(.text)
    EndCritical                              0x00000331   Thumb Code     0  startup.o(.text)
    WaitForInterrupt                         0x00000337   Thumb Code     0  startup.o(.text)
    __user_initial_stackheap                 0x0000033b   Thumb Code     0  startup.o(.text)
    __aeabi_memclr4                          0x00000351   Thumb Code     0  rt_memclr_w.o(.text)
    __aeabi_memclr8                          0x00000351   Thumb Code     0  rt_memclr_w.o(.text)
    __rt_memclr_w                            0x00000351   Thumb Code    78  rt_memclr_w.o(.text)
    _memset_w                                0x00000355   Thumb Code     0  rt_memclr_w.o(.text)
    __use_two_region_memory                  0x0000039f   Thumb Code     2  heapauxi.o(.text)
    __rt_heap_escrow$2region                 0x000003a1   Thumb Code     2  heapauxi.o(.text)
    __rt_heap_expand$2region                 0x000003a3   Thumb Code     2  heapauxi.o(.text)
    __user_setup_stackheap                   0x000003a5   Thumb Code    74  sys_stackheap_outer.o(.text)
    exit                                     0x000003ef   Thumb Code    12  exit.o(.text)
    __user_libspace                          0x000003fd   Thumb Code     8  libspace.o(.text)
    __user_perproc_libspace                  0x000003fd   Thumb Code     0  libspace.o(.text)
    __user_perthread_libspace                0x000003fd   Thumb Code     0  libspace.o(.text)
    _sys_exit                                0x00000405   Thumb Code     8  sys_exit.o(.text)
    __I$use$semihosting                      0x00000411   Thumb Code     0  use_no_semi.o(.text)
    __use_no_semihosting_swi                 0x00000411   Thumb Code     2  use_no_semi.o(.text)
    __semihosting_library_function           0x00000413   Thumb Code     0  indicate_semi.o(.text)
    ADC0_Init                                0x00000415   Thumb Code   780  adc.o(i.ADC0_Init)
    ADC0_Init1                               0x0000073d   Thumb Code   120  temp.o(i.ADC0_Init1)
    ADC0_SS2_Init                            0x000007cd   Thumb Code   152  adc.o(i.ADC0_SS2_Init)
    ADC0_SS2_Read                            0x00000871   Thumb Code    46  adc.o(i.ADC0_SS2_Read)
    ADC1_In                                  0x000008a9   Thumb Code     6  texas.o(i.ADC1_In)
    ADC1_Init                                0x000008b5   Thumb Code   174  texas.o(i.ADC1_Init)
    Delay100ms                               0x00000989   Thumb Code    30  spaceinvaders.o(i.Delay100ms)
    EndGame                                  0x000009ad   Thumb Code    76  screen_draw.o(i.EndGame)
    GPIOPortF_Handler                        0x00000a1d   Thumb Code   186  portf.o(i.GPIOPortF_Handler)
    Nokia5110_Clear                          0x00000af5   Thumb Code    32  nokia5110.o(i.Nokia5110_Clear)
    Nokia5110_ClearBuffer                    0x00000b15   Thumb Code    20  nokia5110.o(i.Nokia5110_ClearBuffer)
    Nokia5110_DisplayBuffer                  0x00000b2d   Thumb Code    10  nokia5110.o(i.Nokia5110_DisplayBuffer)
    Nokia5110_DrawFullImage                  0x00000b3d   Thumb Code    34  nokia5110.o(i.Nokia5110_DrawFullImage)
    Nokia5110_Init                           0x00000b61   Thumb Code   316  nokia5110.o(i.Nokia5110_Init)
    Nokia5110_OutChar                        0x00000ccd   Thumb Code    60  nokia5110.o(i.Nokia5110_OutChar)
    Nokia5110_OutString                      0x00000d0d   Thumb Code    22  nokia5110.o(i.Nokia5110_OutString)
    Nokia5110_OutUDec                        0x00000d25   Thumb Code   394  nokia5110.o(i.Nokia5110_OutUDec)
    Nokia5110_PrintBMP                       0x00000ec1   Thumb Code   420  nokia5110.o(i.Nokia5110_PrintBMP)
    Nokia5110_SetCursor                      0x00001069   Thumb Code    48  nokia5110.o(i.Nokia5110_SetCursor)
    PLL_Init                                 0x00001099   Thumb Code   118  texas.o(i.PLL_Init)
    PORTF_Init                               0x00001115   Thumb Code   212  portf.o(i.PORTF_Init)
    Port_Init                                0x00001221   Thumb Code   262  port.o(i.Port_Init)
    Pot_Init                                 0x00001361   Thumb Code    24  potentiometer.o(i.Pot_Init)
    Pot_Read                                 0x00001379   Thumb Code     8  potentiometer.o(i.Pot_Read)
    SetCode                                  0x00001381   Thumb Code    20  texas.o(i.SetCode)
    SetCourse                                0x00001399   Thumb Code    20  texas.o(i.SetCourse)
    TExaS_Init                               0x000013b1   Thumb Code   324  texas.o(i.TExaS_Init)
    Tempsensor_read                          0x00001575   Thumb Code    98  temp.o(i.Tempsensor_read)
    Timer2A_Handler                          0x000015ed   Thumb Code    18  timer2.o(i.Timer2A_Handler)
    Timer2_Init                              0x0000160d   Thumb Code    92  timer2.o(i.Timer2_Init)
    Timer4A_Handler                          0x0000167d   Thumb Code    20  texas.o(i.Timer4A_Handler)
    Timer5A_Handler                          0x0000169d   Thumb Code    34  texas.o(i.Timer5A_Handler)
    UART0_Init                               0x000016cd   Thumb Code   160  texas.o(i.UART0_Init)
    UART_InChar                              0x0000178d   Thumb Code    20  uart.o(i.UART_InChar)
    UART_Init                                0x000017a5   Thumb Code   184  uart.o(i.UART_Init)
    WinGame                                  0x00001875   Thumb Code    44  screen_draw.o(i.WinGame)
    display                                  0x000018b5   Thumb Code    70  screen_draw.o(i.display)
    draw                                     0x00001909   Thumb Code    80  screen_draw.o(i.draw)
    led_smart_home                           0x000019ad   Thumb Code   188  spaceinvaders.o(i.led_smart_home)
    main                                     0x00001ac5   Thumb Code   302  spaceinvaders.o(i.main)
    play                                     0x00001c71   Thumb Code  1598  checkmoving.o(i.play)
    pwm_init                                 0x00002311   Thumb Code   180  pwm.o(i.pwm_init)
    pwm_setDutycycle                         0x000023ed   Thumb Code   102  pwm.o(i.pwm_setDutycycle)
    startingScreen                           0x00002465   Thumb Code   124  screen_draw.o(i.startingScreen)
    __aeabi_dadd                             0x00002519   Thumb Code     0  daddsub_clz.o(x$fpl$dadd)
    _dadd                                    0x00002519   Thumb Code   332  daddsub_clz.o(x$fpl$dadd)
    __aeabi_ddiv                             0x00002669   Thumb Code     0  ddiv.o(x$fpl$ddiv)
    _ddiv                                    0x00002669   Thumb Code   552  ddiv.o(x$fpl$ddiv)
    __aeabi_d2iz                             0x00002919   Thumb Code     0  dfix.o(x$fpl$dfix)
    _dfix                                    0x00002919   Thumb Code    94  dfix.o(x$fpl$dfix)
    __aeabi_d2uiz                            0x00002979   Thumb Code     0  dfixu.o(x$fpl$dfixu)
    _dfixu                                   0x00002979   Thumb Code    90  dfixu.o(x$fpl$dfixu)
    __aeabi_ui2d                             0x000029d3   Thumb Code     0  dflt_clz.o(x$fpl$dfltu)
    _dfltu                                   0x000029d3   Thumb Code    38  dflt_clz.o(x$fpl$dfltu)
    __aeabi_dmul                             0x000029f9   Thumb Code     0  dmul.o(x$fpl$dmul)
    _dmul                                    0x000029f9   Thumb Code   332  dmul.o(x$fpl$dmul)
    __fpl_dnaninf                            0x00002b4d   Thumb Code   156  dnaninf.o(x$fpl$dnaninf)
    __fpl_dretinf                            0x00002be9   Thumb Code    12  dretinf.o(x$fpl$dretinf)
    __aeabi_drsub                            0x00002bf5   Thumb Code     0  daddsub_clz.o(x$fpl$drsb)
    _drsb                                    0x00002bf5   Thumb Code    22  daddsub_clz.o(x$fpl$drsb)
    __aeabi_dsub                             0x00002c0d   Thumb Code     0  daddsub_clz.o(x$fpl$dsub)
    _dsub                                    0x00002c0d   Thumb Code   464  daddsub_clz.o(x$fpl$dsub)
    __I$use$fp                               0x00002de0   Number         0  usenofp.o(x$fpl$usenofp)
    NoInputMsg                               0x00002fc0   Data          40  texas.o(.constdata)
    OutputPortMsg0                           0x00002fe8   Data          40  texas.o(.constdata)
    OutputPortMsg1                           0x00003010   Data          40  texas.o(.constdata)
    OutputPortMsg2                           0x00003038   Data          40  texas.o(.constdata)
    OutputPortMsg3                           0x00003060   Data          40  texas.o(.constdata)
    BlankMsg                                 0x00003088   Data          40  texas.o(.constdata)
    InitializedMsg                           0x000030b0   Data          40  texas.o(.constdata)
    IntroMsg                                 0x000030d8   Data          40  texas.o(.constdata)
    DoneMsg                                  0x00003100   Data          40  texas.o(.constdata)
    logo                                     0x00003128   Data         679  shapes.o(.constdata)
    food                                     0x000033cf   Data         135  shapes.o(.constdata)
    space                                    0x00003456   Data         135  shapes.o(.constdata)
    ball                                     0x000034dd   Data         135  shapes.o(.constdata)
    PlayerShip0                              0x00003564   Data         215  shapes.o(.constdata)
    Region$$Table$$Base                      0x0000363c   Number         0  anon$$obj.o(Region$$Table)
    Region$$Table$$Limit                     0x0000365c   Number         0  anon$$obj.o(Region$$Table)
    score                                    0x20000000   Data           4  spaceinvaders.o(.data)
    level                                    0x20000004   Data           4  spaceinvaders.o(.data)
    fe                                       0x20000008   Data           4  spaceinvaders.o(.data)
    lifes                                    0x2000000c   Data           4  spaceinvaders.o(.data)
    playerXcord                              0x20000010   Data           4  spaceinvaders.o(.data)
    ballXcord                                0x20000014   Data           4  spaceinvaders.o(.data)
    ballYcord                                0x20000018   Data           4  spaceinvaders.o(.data)
    xval                                     0x2000001c   Data           4  spaceinvaders.o(.data)
    yval                                     0x20000020   Data           4  spaceinvaders.o(.data)
    sw1flag                                  0x20000024   Data           4  spaceinvaders.o(.data)
    timerflag                                0x20000028   Data           4  spaceinvaders.o(.data)
    tx                                       0x20000030   Data           4  spaceinvaders.o(.data)
    ty                                       0x20000034   Data           4  spaceinvaders.o(.data)
    temp                                     0x20000038   Data           4  spaceinvaders.o(.data)
    Semaphore                                0x2000003c   Data           4  spaceinvaders.o(.data)
    TExaS_Period                             0x20000040   Data           4  texas.o(.data)
    TExaS_Ports                              0x20000044   Data           8  texas.o(.data)
    Display                                  0x2000004c   Data           1  texas.o(.data)
    TExaS_Meter                              0x20000050   Data           4  texas.o(.data)
    ADCnum                                   0x20000054   Data           4  texas.o(.data)
    LastMode                                 0x20000058   Data           4  texas.o(.data)
    bFlag                                    0x2000005c   Data           4  texas.o(.data)
    Count                                    0x20000060   Data           4  texas.o(.data)
    DelayBetweenTests                        0x20000064   Data           4  texas.o(.data)
    TExaS_Test                               0x20000068   Data           4  texas.o(.data)
    ScopeMode                                0x2000006c   Data           4  texas.o(.data)
    ScopeCount                               0x20000070   Data           4  texas.o(.data)
    Screen                                   0x20000074   Data         504  nokia5110.o(.bss)
    foodArr                                  0x2000026c   Data         672  spaceinvaders.o(.bss)
    TExaS                                    0x20000510   Data          56  texas.o(.bss)
    __libspace_start                         0x20000548   Data          96  libspace.o(.bss)
    __temporary_stack_top$libspace           0x200005a8   Data           0  libspace.o(.bss)



==============================================================================

Memory Map of the image

  Image Entry point : 0x0000026d

  Load Region LR_1 (Base: 0x00000000, Size: 0x000036d0, Max: 0xffffffff, ABSOLUTE)

    Execution Region ER_RO (Base: 0x00000000, Size: 0x0000365c, Max: 0xffffffff, ABSOLUTE)

    Base Addr    Size         Type   Attr      Idx    E Section Name        Object

    0x00000000   0x00000284   Code   RO            3  * RESET               startup.o
    0x00000284   0x00000008   Code   RO          647  * !!!main             c_w.l(__main.o)
    0x0000028c   0x00000034   Code   RO          832    !!!scatter          c_w.l(__scatter.o)
    0x000002c0   0x0000001a   Code   RO          834    !!handler_copy      c_w.l(__scatter_copy.o)
    0x000002da   0x00000002   PAD
    0x000002dc   0x0000001c   Code   RO          836    !!handler_zi        c_w.l(__scatter_zi.o)
    0x000002f8   0x00000002   Code   RO          705    .ARM.Collect$$libinit$$00000000  c_w.l(libinit.o)
    0x000002fa   0x00000000   Code   RO          712    .ARM.Collect$$libinit$$00000002  c_w.l(libinit2.o)
    0x000002fa   0x00000000   Code   RO          715    .ARM.Collect$$libinit$$00000008  c_w.l(libinit2.o)
    0x000002fa   0x00000000   Code   RO          717    .ARM.Collect$$libinit$$0000000A  c_w.l(libinit2.o)
    0x000002fa   0x00000000   Code   RO          719    .ARM.Collect$$libinit$$0000000C  c_w.l(libinit2.o)
    0x000002fa   0x00000000   Code   RO          722    .ARM.Collect$$libinit$$0000000F  c_w.l(libinit2.o)
    0x000002fa   0x00000000   Code   RO          724    .ARM.Collect$$libinit$$00000011  c_w.l(libinit2.o)
    0x000002fa   0x00000000   Code   RO          726    .ARM.Collect$$libinit$$00000013  c_w.l(libinit2.o)
    0x000002fa   0x00000000   Code   RO          728    .ARM.Collect$$libinit$$00000015  c_w.l(libinit2.o)
    0x000002fa   0x00000000   Code   RO          730    .ARM.Collect$$libinit$$00000017  c_w.l(libinit2.o)
    0x000002fa   0x00000000   Code   RO          732    .ARM.Collect$$libinit$$00000019  c_w.l(libinit2.o)
    0x000002fa   0x00000000   Code   RO          734    .ARM.Collect$$libinit$$0000001B  c_w.l(libinit2.o)
    0x000002fa   0x00000000   Code   RO          736    .ARM.Collect$$libinit$$0000001D  c_w.l(libinit2.o)
    0x000002fa   0x00000000   Code   RO          738    .ARM.Collect$$libinit$$0000001F  c_w.l(libinit2.o)
    0x000002fa   0x00000000   Code   RO          740    .ARM.Collect$$libinit$$00000021  c_w.l(libinit2.o)
    0x000002fa   0x00000000   Code   RO          742    .ARM.Collect$$libinit$$00000023  c_w.l(libinit2.o)
    0x000002fa   0x00000000   Code   RO          746    .ARM.Collect$$libinit$$0000002A  c_w.l(libinit2.o)
    0x000002fa   0x00000000   Code   RO          748    .ARM.Collect$$libinit$$0000002C  c_w.l(libinit2.o)
    0x000002fa   0x00000000   Code   RO          750    .ARM.Collect$$libinit$$0000002E  c_w.l(libinit2.o)
    0x000002fa   0x00000000   Code   RO          752    .ARM.Collect$$libinit$$00000030  c_w.l(libinit2.o)
    0x000002fa   0x00000002   Code   RO          753    .ARM.Collect$$libinit$$00000031  c_w.l(libinit2.o)
    0x000002fc   0x00000002   Code   RO          773    .ARM.Collect$$libshutdown$$00000000  c_w.l(libshutdown.o)
    0x000002fe   0x00000000   Code   RO          787    .ARM.Collect$$libshutdown$$00000003  c_w.l(libshutdown2.o)
    0x000002fe   0x00000000   Code   RO          790    .ARM.Collect$$libshutdown$$00000006  c_w.l(libshutdown2.o)
    0x000002fe   0x00000000   Code   RO          793    .ARM.Collect$$libshutdown$$00000009  c_w.l(libshutdown2.o)
    0x000002fe   0x00000000   Code   RO          795    .ARM.Collect$$libshutdown$$0000000B  c_w.l(libshutdown2.o)
    0x000002fe   0x00000000   Code   RO          798    .ARM.Collect$$libshutdown$$0000000E  c_w.l(libshutdown2.o)
    0x000002fe   0x00000002   Code   RO          799    .ARM.Collect$$libshutdown$$0000000F  c_w.l(libshutdown2.o)
    0x00000300   0x00000000   Code   RO          675    .ARM.Collect$$rtentry$$00000000  c_w.l(rtentry.o)
    0x00000300   0x00000000   Code   RO          682    .ARM.Collect$$rtentry$$00000002  c_w.l(rtentry2.o)
    0x00000300   0x00000006   Code   RO          694    .ARM.Collect$$rtentry$$00000004  c_w.l(rtentry4.o)
    0x00000306   0x00000000   Code   RO          684    .ARM.Collect$$rtentry$$00000009  c_w.l(rtentry2.o)
    0x00000306   0x00000004   Code   RO          685    .ARM.Collect$$rtentry$$0000000A  c_w.l(rtentry2.o)
    0x0000030a   0x00000000   Code   RO          687    .ARM.Collect$$rtentry$$0000000C  c_w.l(rtentry2.o)
    0x0000030a   0x00000008   Code   RO          688    .ARM.Collect$$rtentry$$0000000D  c_w.l(rtentry2.o)
    0x00000312   0x00000002   Code   RO          709    .ARM.Collect$$rtexit$$00000000  c_w.l(rtexit.o)
    0x00000314   0x00000000   Code   RO          755    .ARM.Collect$$rtexit$$00000002  c_w.l(rtexit2.o)
    0x00000314   0x00000004   Code   RO          756    .ARM.Collect$$rtexit$$00000003  c_w.l(rtexit2.o)
    0x00000318   0x00000006   Code   RO          757    .ARM.Collect$$rtexit$$00000004  c_w.l(rtexit2.o)
    0x0000031e   0x00000002   PAD
    0x00000320   0x00000030   Code   RO            4    .text               startup.o
    0x00000350   0x0000004e   Code   RO          643    .text               c_w.l(rt_memclr_w.o)
    0x0000039e   0x00000006   Code   RO          645    .text               c_w.l(heapauxi.o)
    0x000003a4   0x0000004a   Code   RO          696    .text               c_w.l(sys_stackheap_outer.o)
    0x000003ee   0x0000000c   Code   RO          698    .text               c_w.l(exit.o)
    0x000003fa   0x00000002   PAD
    0x000003fc   0x00000008   Code   RO          706    .text               c_w.l(libspace.o)
    0x00000404   0x0000000c   Code   RO          765    .text               c_w.l(sys_exit.o)
    0x00000410   0x00000002   Code   RO          776    .text               c_w.l(use_no_semi.o)
    0x00000412   0x00000000   Code   RO          778    .text               c_w.l(indicate_semi.o)
    0x00000412   0x00000002   PAD
    0x00000414   0x00000328   Code   RO          419    i.ADC0_Init         adc.o
    0x0000073c   0x00000090   Code   RO          515    i.ADC0_Init1        temp.o
    0x000007cc   0x000000a4   Code   RO          420    i.ADC0_SS2_Init     adc.o
    0x00000870   0x00000038   Code   RO          421    i.ADC0_SS2_Read     adc.o
    0x000008a8   0x0000000c   Code   RO          165    i.ADC1_In           texas.o
    0x000008b4   0x000000d4   Code   RO          166    i.ADC1_Init         texas.o
    0x00000988   0x00000024   Code   RO           95    i.Delay100ms        spaceinvaders.o
    0x000009ac   0x00000070   Code   RO          353    i.EndGame           screen_draw.o
    0x00000a1c   0x000000d8   Code   RO          284    i.GPIOPortF_Handler  portf.o
    0x00000af4   0x00000020   Code   RO           12    i.Nokia5110_Clear   nokia5110.o
    0x00000b14   0x00000018   Code   RO           13    i.Nokia5110_ClearBuffer  nokia5110.o
    0x00000b2c   0x00000010   Code   RO           14    i.Nokia5110_DisplayBuffer  nokia5110.o
    0x00000b3c   0x00000022   Code   RO           15    i.Nokia5110_DrawFullImage  nokia5110.o
    0x00000b5e   0x00000002   PAD
    0x00000b60   0x0000016c   Code   RO           16    i.Nokia5110_Init    nokia5110.o
    0x00000ccc   0x00000040   Code   RO           17    i.Nokia5110_OutChar  nokia5110.o
    0x00000d0c   0x00000016   Code   RO           18    i.Nokia5110_OutString  nokia5110.o
    0x00000d22   0x00000002   PAD
    0x00000d24   0x0000019c   Code   RO           19    i.Nokia5110_OutUDec  nokia5110.o
    0x00000ec0   0x000001a8   Code   RO           20    i.Nokia5110_PrintBMP  nokia5110.o
    0x00001068   0x00000030   Code   RO           21    i.Nokia5110_SetCursor  nokia5110.o
    0x00001098   0x0000007c   Code   RO          167    i.PLL_Init          texas.o
    0x00001114   0x0000010c   Code   RO          285    i.PORTF_Init        portf.o
    0x00001220   0x00000140   Code   RO          608    i.Port_Init         port.o
    0x00001360   0x00000018   Code   RO          449    i.Pot_Init          potentiometer.o
    0x00001378   0x00000008   Code   RO          450    i.Pot_Read          potentiometer.o
    0x00001380   0x00000018   Code   RO          168    i.SetCode           texas.o
    0x00001398   0x00000018   Code   RO          169    i.SetCourse         texas.o
    0x000013b0   0x000001c4   Code   RO          173    i.TExaS_Init        texas.o
    0x00001574   0x00000078   Code   RO          516    i.Tempsensor_read   temp.o
    0x000015ec   0x00000020   Code   RO          320    i.Timer2A_Handler   timer2.o
    0x0000160c   0x00000070   Code   RO          321    i.Timer2_Init       timer2.o
    0x0000167c   0x00000020   Code   RO          175    i.Timer4A_Handler   texas.o
    0x0000169c   0x00000030   Code   RO          176    i.Timer5A_Handler   texas.o
    0x000016cc   0x000000c0   Code   RO          179    i.UART0_Init        texas.o
    0x0000178c   0x00000018   Code   RO          538    i.UART_InChar       uart.o
    0x000017a4   0x000000d0   Code   RO          541    i.UART_Init         uart.o
    0x00001874   0x00000040   Code   RO          354    i.WinGame           screen_draw.o
    0x000018b4   0x00000054   Code   RO          355    i.display           screen_draw.o
    0x00001908   0x00000058   Code   RO          356    i.draw              screen_draw.o
    0x00001960   0x0000004c   Code   RO           22    i.lcdwrite          nokia5110.o
    0x000019ac   0x00000118   Code   RO           96    i.led_smart_home    spaceinvaders.o
    0x00001ac4   0x000001ac   Code   RO           97    i.main              spaceinvaders.o
    0x00001c70   0x000006a0   Code   RO          401    i.play              checkmoving.o
    0x00002310   0x000000dc   Code   RO          473    i.pwm_init          pwm.o
    0x000023ec   0x00000078   Code   RO          474    i.pwm_setDutycycle  pwm.o
    0x00002464   0x000000b4   Code   RO          357    i.startingScreen    screen_draw.o
    0x00002518   0x00000150   Code   RO          649    x$fpl$dadd          fz_ws.l(daddsub_clz.o)
    0x00002668   0x000002b0   Code   RO          656    x$fpl$ddiv          fz_ws.l(ddiv.o)
    0x00002918   0x0000005e   Code   RO          659    x$fpl$dfix          fz_ws.l(dfix.o)
    0x00002976   0x00000002   PAD
    0x00002978   0x0000005a   Code   RO          663    x$fpl$dfixu         fz_ws.l(dfixu.o)
    0x000029d2   0x00000026   Code   RO          667    x$fpl$dfltu         fz_ws.l(dflt_clz.o)
    0x000029f8   0x00000154   Code   RO          673    x$fpl$dmul          fz_ws.l(dmul.o)
    0x00002b4c   0x0000009c   Code   RO          676    x$fpl$dnaninf       fz_ws.l(dnaninf.o)
    0x00002be8   0x0000000c   Code   RO          678    x$fpl$dretinf       fz_ws.l(dretinf.o)
    0x00002bf4   0x00000016   Code   RO          650    x$fpl$drsb          fz_ws.l(daddsub_clz.o)
    0x00002c0a   0x00000002   PAD
    0x00002c0c   0x000001d4   Code   RO          651    x$fpl$dsub          fz_ws.l(daddsub_clz.o)
    0x00002de0   0x00000000   Code   RO          680    x$fpl$usenofp       fz_ws.l(usenofp.o)
    0x00002de0   0x000001e0   Data   RO           24    .constdata          nokia5110.o
    0x00002fc0   0x00000168   Data   RO          184    .constdata          texas.o
    0x00003128   0x00000513   Data   RO          343    .constdata          shapes.o
    0x0000363b   0x00000001   PAD
    0x0000363c   0x00000020   Data   RO          830    Region$$Table       anon$$obj.o


    Execution Region ER_RW (Base: 0x20000000, Size: 0x00000074, Max: 0xffffffff, ABSOLUTE)

    Base Addr    Size         Type   Attr      Idx    E Section Name        Object

    0x20000000   0x00000040   Data   RW          100    .data               spaceinvaders.o
    0x20000040   0x00000034   Data   RW          185    .data               texas.o


    Execution Region ER_ZI (Base: 0x20000074, Size: 0x00000934, Max: 0xffffffff, ABSOLUTE)

    Base Addr    Size         Type   Attr      Idx    E Section Name        Object

    0x20000074   0x000001f8   Zero   RW           23    .bss                nokia5110.o
    0x2000026c   0x000002a0   Zero   RW           98    .bss                spaceinvaders.o
    0x2000050c   0x00000004   PAD
    0x20000510   0x00000038   Zero   RW          183    .bss                texas.o
    0x20000548   0x00000060   Zero   RW          707    .bss                c_w.l(libspace.o)
    0x200005a8   0x00000000   Zero   RW            2    HEAP                startup.o
    0x200005a8   0x00000400   Zero   RW            1    STACK               startup.o


==============================================================================

Image component sizes


      Code (inc. data)   RO Data    RW Data    ZI Data      Debug   Object Name

      1028         62          0          0          0       2068   adc.o
      1696        142          0          0          0       1219   checkmoving.o
      1516         94        480          0        504       9417   nokia5110.o
       320         64          0          0          0        972   port.o
       484         86          0          0          0        981   portf.o
        32          0          0          0          0       1154   potentiometer.o
       340         58          0          0          0       1146   pwm.o
       528        134          0          0          0       2366   screen_draw.o
         0          0       1299          0          0        599   shapes.o
       744        224          0         64        672       3421   spaceinvaders.o
       692        632          0          0       1024        908   startup.o
       264         46          0          0          0       1199   temp.o
      1120        244        360         52         56      15648   texas.o
       144         34          0          0          0        900   timer2.o
       232         28          0          0          0        798   uart.o

    ----------------------------------------------------------------------
      9144       1848       2172        116       2260      42796   Object Totals
         0          0         32          0          0          0   (incl. Generated)
         4          0          1          0          4          0   (incl. Padding)

    ----------------------------------------------------------------------

      Code (inc. data)   RO Data    RW Data    ZI Data      Debug   Library Member Name

         8          0          0          0          0         68   __main.o
        52          8          0          0          0          0   __scatter.o
        26          0          0          0          0          0   __scatter_copy.o
        28          0          0          0          0          0   __scatter_zi.o
        12          0          0          0          0         72   exit.o
         6          0          0          0          0        152   heapauxi.o
         0          0          0          0          0          0   indicate_semi.o
         2          0          0          0          0          0   libinit.o
         2          0          0          0          0          0   libinit2.o
         2          0          0          0          0          0   libshutdown.o
         2          0          0          0          0          0   libshutdown2.o
         8          4          0          0         96         68   libspace.o
        78          0          0          0          0         80   rt_memclr_w.o
         0          0          0          0          0          0   rtentry.o
        12          0          0          0          0          0   rtentry2.o
         6          0          0          0          0          0   rtentry4.o
         2          0          0          0          0          0   rtexit.o
        10          0          0          0          0          0   rtexit2.o
        12          4          0          0          0         68   sys_exit.o
        74          0          0          0          0         80   sys_stackheap_outer.o
         2          0          0          0          0         68   use_no_semi.o
       826         16          0          0          0        348   daddsub_clz.o
       688        140          0          0          0        208   ddiv.o
        94          4          0          0          0         92   dfix.o
        90          4          0          0          0         92   dfixu.o
        38          0          0          0          0         68   dflt_clz.o
       340         12          0          0          0        104   dmul.o
       156          4          0          0          0         92   dnaninf.o
        12          0          0          0          0         68   dretinf.o
         0          0          0          0          0          0   usenofp.o

    ----------------------------------------------------------------------
      2600        196          0          0         96       1728   Library Totals
        12          0          0          0          0          0   (incl. Padding)

    ----------------------------------------------------------------------

      Code (inc. data)   RO Data    RW Data    ZI Data      Debug   Library Name

       344         16          0          0         96        656   c_w.l
      2244        180          0          0          0       1072   fz_ws.l

    ----------------------------------------------------------------------
      2600        196          0          0         96       1728   Library Totals

    ----------------------------------------------------------------------

==============================================================================


      Code (inc. data)   RO Data    RW Data    ZI Data      Debug   

     11744       2044       2172        116       2356      41508   Grand Totals
     11744       2044       2172        116       2356      41508   ELF Image Totals
     11744       2044       2172        116          0          0   ROM Totals

==============================================================================

    Total RO  Size (Code + RO Data)                13916 (  13.59kB)
    Total RW  Size (RW Data + ZI Data)              2472 (   2.41kB)
    Total ROM Size (Code + RO Data + RW Data)      14032 (  13.70kB)

==============================================================================

